Archive member included to satisfy reference by file (symbol)

/home/kuba/Programy/Ac6/SystemWorkbench/plugins/fr.ac6.mcu.externaltools.arm-none.linux64_1.15.0.201708311556/tools/compiler/bin/../lib/gcc/arm-none-eabi/6.3.1/../../../../arm-none-eabi/lib/thumb/v7e-m/fpv4-sp/hard/libm.a(lib_a-s_atan.o)
                              Src/ahrs.o (atan)
/home/kuba/Programy/Ac6/SystemWorkbench/plugins/fr.ac6.mcu.externaltools.arm-none.linux64_1.15.0.201708311556/tools/compiler/bin/../lib/gcc/arm-none-eabi/6.3.1/../../../../arm-none-eabi/lib/thumb/v7e-m/fpv4-sp/hard/libm.a(lib_a-s_fabs.o)
                              /home/kuba/Programy/Ac6/SystemWorkbench/plugins/fr.ac6.mcu.externaltools.arm-none.linux64_1.15.0.201708311556/tools/compiler/bin/../lib/gcc/arm-none-eabi/6.3.1/../../../../arm-none-eabi/lib/thumb/v7e-m/fpv4-sp/hard/libm.a(lib_a-s_atan.o) (fabs)
/home/kuba/Programy/Ac6/SystemWorkbench/plugins/fr.ac6.mcu.externaltools.arm-none.linux64_1.15.0.201708311556/tools/compiler/bin/../lib/gcc/arm-none-eabi/6.3.1/../../../../arm-none-eabi/lib/thumb/v7e-m/fpv4-sp/hard/libm.a(lib_a-w_asin.o)
                              TM/tm_stm32_ahrs_imu.o (asin)
/home/kuba/Programy/Ac6/SystemWorkbench/plugins/fr.ac6.mcu.externaltools.arm-none.linux64_1.15.0.201708311556/tools/compiler/bin/../lib/gcc/arm-none-eabi/6.3.1/../../../../arm-none-eabi/lib/thumb/v7e-m/fpv4-sp/hard/libm.a(lib_a-w_atan2.o)
                              TM/tm_stm32_ahrs_imu.o (atan2)
/home/kuba/Programy/Ac6/SystemWorkbench/plugins/fr.ac6.mcu.externaltools.arm-none.linux64_1.15.0.201708311556/tools/compiler/bin/../lib/gcc/arm-none-eabi/6.3.1/../../../../arm-none-eabi/lib/thumb/v7e-m/fpv4-sp/hard/libm.a(lib_a-w_sqrt.o)
                              Src/ahrs.o (sqrt)
/home/kuba/Programy/Ac6/SystemWorkbench/plugins/fr.ac6.mcu.externaltools.arm-none.linux64_1.15.0.201708311556/tools/compiler/bin/../lib/gcc/arm-none-eabi/6.3.1/../../../../arm-none-eabi/lib/thumb/v7e-m/fpv4-sp/hard/libm.a(lib_a-e_asin.o)
                              /home/kuba/Programy/Ac6/SystemWorkbench/plugins/fr.ac6.mcu.externaltools.arm-none.linux64_1.15.0.201708311556/tools/compiler/bin/../lib/gcc/arm-none-eabi/6.3.1/../../../../arm-none-eabi/lib/thumb/v7e-m/fpv4-sp/hard/libm.a(lib_a-w_asin.o) (__ieee754_asin)
/home/kuba/Programy/Ac6/SystemWorkbench/plugins/fr.ac6.mcu.externaltools.arm-none.linux64_1.15.0.201708311556/tools/compiler/bin/../lib/gcc/arm-none-eabi/6.3.1/../../../../arm-none-eabi/lib/thumb/v7e-m/fpv4-sp/hard/libm.a(lib_a-e_atan2.o)
                              /home/kuba/Programy/Ac6/SystemWorkbench/plugins/fr.ac6.mcu.externaltools.arm-none.linux64_1.15.0.201708311556/tools/compiler/bin/../lib/gcc/arm-none-eabi/6.3.1/../../../../arm-none-eabi/lib/thumb/v7e-m/fpv4-sp/hard/libm.a(lib_a-w_atan2.o) (__ieee754_atan2)
/home/kuba/Programy/Ac6/SystemWorkbench/plugins/fr.ac6.mcu.externaltools.arm-none.linux64_1.15.0.201708311556/tools/compiler/bin/../lib/gcc/arm-none-eabi/6.3.1/../../../../arm-none-eabi/lib/thumb/v7e-m/fpv4-sp/hard/libm.a(lib_a-e_sqrt.o)
                              /home/kuba/Programy/Ac6/SystemWorkbench/plugins/fr.ac6.mcu.externaltools.arm-none.linux64_1.15.0.201708311556/tools/compiler/bin/../lib/gcc/arm-none-eabi/6.3.1/../../../../arm-none-eabi/lib/thumb/v7e-m/fpv4-sp/hard/libm.a(lib_a-w_sqrt.o) (__ieee754_sqrt)
/home/kuba/Programy/Ac6/SystemWorkbench/plugins/fr.ac6.mcu.externaltools.arm-none.linux64_1.15.0.201708311556/tools/compiler/bin/../lib/gcc/arm-none-eabi/6.3.1/../../../../arm-none-eabi/lib/thumb/v7e-m/fpv4-sp/hard/libm.a(lib_a-s_lib_ver.o)
                              /home/kuba/Programy/Ac6/SystemWorkbench/plugins/fr.ac6.mcu.externaltools.arm-none.linux64_1.15.0.201708311556/tools/compiler/bin/../lib/gcc/arm-none-eabi/6.3.1/../../../../arm-none-eabi/lib/thumb/v7e-m/fpv4-sp/hard/libm.a(lib_a-w_asin.o) (__fdlib_version)
/home/kuba/Programy/Ac6/SystemWorkbench/plugins/fr.ac6.mcu.externaltools.arm-none.linux64_1.15.0.201708311556/tools/compiler/bin/../lib/gcc/arm-none-eabi/6.3.1/../../../../arm-none-eabi/lib/thumb/v7e-m/fpv4-sp/hard/libm.a(lib_a-s_matherr.o)
                              /home/kuba/Programy/Ac6/SystemWorkbench/plugins/fr.ac6.mcu.externaltools.arm-none.linux64_1.15.0.201708311556/tools/compiler/bin/../lib/gcc/arm-none-eabi/6.3.1/../../../../arm-none-eabi/lib/thumb/v7e-m/fpv4-sp/hard/libm.a(lib_a-w_asin.o) (matherr)
/home/kuba/Programy/Ac6/SystemWorkbench/plugins/fr.ac6.mcu.externaltools.arm-none.linux64_1.15.0.201708311556/tools/compiler/bin/../lib/gcc/arm-none-eabi/6.3.1/../../../../arm-none-eabi/lib/thumb/v7e-m/fpv4-sp/hard/libm.a(lib_a-s_nan.o)
                              /home/kuba/Programy/Ac6/SystemWorkbench/plugins/fr.ac6.mcu.externaltools.arm-none.linux64_1.15.0.201708311556/tools/compiler/bin/../lib/gcc/arm-none-eabi/6.3.1/../../../../arm-none-eabi/lib/thumb/v7e-m/fpv4-sp/hard/libm.a(lib_a-w_asin.o) (nan)
[...]
Memory Configuration

Name             Origin             Length             Attributes
RAM              0x0000000020000000 0x0000000000020000 xrw
CCMRAM           0x0000000010000000 0x0000000000010000 rw
FLASH            0x0000000008000000 0x0000000000100000 xr
*default*        0x0000000000000000 0xffffffffffffffff

Linker script and memory map

LOAD /home/kuba/Programy/Ac6/SystemWorkbench/plugins/fr.ac6.mcu.externaltools.arm-none.linux64_1.15.0.201708311556/tools/compiler/bin/../lib/gcc/arm-none-eabi/6.3.1/thumb/v7e-m/fpv4-sp/hard/crti.o
LOAD /home/kuba/Programy/Ac6/SystemWorkbench/plugins/fr.ac6.mcu.externaltools.arm-none.linux64_1.15.0.201708311556/tools/compiler/bin/../lib/gcc/arm-none-eabi/6.3.1/thumb/v7e-m/fpv4-sp/hard/crtbegin.o
LOAD /home/kuba/Programy/Ac6/SystemWorkbench/plugins/fr.ac6.mcu.externaltools.arm-none.linux64_1.15.0.201708311556/tools/compiler/bin/../lib/gcc/arm-none-eabi/6.3.1/../../../../arm-none-eabi/lib/thumb/v7e-m/fpv4-sp/hard/crt0.o
LOAD Application/SW4STM32/startup_stm32f407xx.o
LOAD Application/User/main.o
LOAD Application/User/stm32f4xx_hal_msp.o
LOAD Application/User/stm32f4xx_it.o
LOAD Drivers/CMSIS/system_stm32f4xx.o
LOAD Drivers/STM32F4xx_HAL_Driver/stm32f4xx_hal.o
LOAD Drivers/STM32F4xx_HAL_Driver/stm32f4xx_hal_cortex.o
LOAD Drivers/STM32F4xx_HAL_Driver/stm32f4xx_hal_dma.o
LOAD Drivers/STM32F4xx_HAL_Driver/stm32f4xx_hal_dma_ex.o
LOAD Drivers/STM32F4xx_HAL_Driver/stm32f4xx_hal_flash.o
LOAD Drivers/STM32F4xx_HAL_Driver/stm32f4xx_hal_flash_ex.o
LOAD Drivers/STM32F4xx_HAL_Driver/stm32f4xx_hal_flash_ramfunc.o
LOAD Drivers/STM32F4xx_HAL_Driver/stm32f4xx_hal_gpio.o
LOAD Drivers/STM32F4xx_HAL_Driver/stm32f4xx_hal_i2c.o
LOAD Drivers/STM32F4xx_HAL_Driver/stm32f4xx_hal_i2c_ex.o
LOAD Drivers/STM32F4xx_HAL_Driver/stm32f4xx_hal_pwr.o
LOAD Drivers/STM32F4xx_HAL_Driver/stm32f4xx_hal_pwr_ex.o
LOAD Drivers/STM32F4xx_HAL_Driver/stm32f4xx_hal_rcc.o
LOAD Drivers/STM32F4xx_HAL_Driver/stm32f4xx_hal_rcc_ex.o
LOAD Drivers/STM32F4xx_HAL_Driver/stm32f4xx_hal_tim.o
LOAD Drivers/STM32F4xx_HAL_Driver/stm32f4xx_hal_tim_ex.o
LOAD Drivers/STM32F4xx_HAL_Driver/stm32f4xx_hal_uart.o
LOAD Src/ahrs.o
LOAD Src/dtw_classifier.o
LOAD Src/imu_sensor.o
LOAD Src/nn_classifier.o
LOAD TM/tm_stm32_ahrs_imu.o
LOAD TM/tm_stm32_buffer.o
LOAD TM/tm_stm32_delay.o
LOAD TM/tm_stm32_disco.o
LOAD TM/tm_stm32_gpio.o
LOAD TM/tm_stm32_i2c.o
LOAD TM/tm_stm32_mpu6050.o
LOAD TM/tm_stm32_rcc.o
LOAD TM/tm_stm32_usart.o
LOAD /home/kuba/Programy/Ac6/SystemWorkbench/plugins/fr.ac6.mcu.externaltools.arm-none.linux64_1.15.0.201708311556/tools/compiler/bin/../lib/gcc/arm-none-eabi/6.3.1/../../../../arm-none-eabi/lib/thumb/v7e-m/fpv4-sp/hard/libm.a
START GROUP
LOAD /home/kuba/Programy/Ac6/SystemWorkbench/plugins/fr.ac6.mcu.externaltools.arm-none.linux64_1.15.0.201708311556/tools/compiler/bin/../lib/gcc/arm-none-eabi/6.3.1/thumb/v7e-m/fpv4-sp/hard/libgcc.a
LOAD /home/kuba/Programy/Ac6/SystemWorkbench/plugins/fr.ac6.mcu.externaltools.arm-none.linux64_1.15.0.201708311556/tools/compiler/bin/../lib/gcc/arm-none-eabi/6.3.1/../../../../arm-none-eabi/lib/thumb/v7e-m/fpv4-sp/hard/libc_nano.a
END GROUP
START GROUP
LOAD /home/kuba/Programy/Ac6/SystemWorkbench/plugins/fr.ac6.mcu.externaltools.arm-none.linux64_1.15.0.201708311556/tools/compiler/bin/../lib/gcc/arm-none-eabi/6.3.1/thumb/v7e-m/fpv4-sp/hard/libgcc.a
LOAD /home/kuba/Programy/Ac6/SystemWorkbench/plugins/fr.ac6.mcu.externaltools.arm-none.linux64_1.15.0.201708311556/tools/compiler/bin/../lib/gcc/arm-none-eabi/6.3.1/../../../../arm-none-eabi/lib/thumb/v7e-m/fpv4-sp/hard/libc_nano.a
LOAD /home/kuba/Programy/Ac6/SystemWorkbench/plugins/fr.ac6.mcu.externaltools.arm-none.linux64_1.15.0.201708311556/tools/compiler/bin/../lib/gcc/arm-none-eabi/6.3.1/../../../../arm-none-eabi/lib/thumb/v7e-m/fpv4-sp/hard/libnosys.a
END GROUP
START GROUP
LOAD /home/kuba/Programy/Ac6/SystemWorkbench/plugins/fr.ac6.mcu.externaltools.arm-none.linux64_1.15.0.201708311556/tools/compiler/bin/../lib/gcc/arm-none-eabi/6.3.1/thumb/v7e-m/fpv4-sp/hard/libgcc.a
LOAD /home/kuba/Programy/Ac6/SystemWorkbench/plugins/fr.ac6.mcu.externaltools.arm-none.linux64_1.15.0.201708311556/tools/compiler/bin/../lib/gcc/arm-none-eabi/6.3.1/../../../../arm-none-eabi/lib/thumb/v7e-m/fpv4-sp/hard/libc_nano.a
LOAD /home/kuba/Programy/Ac6/SystemWorkbench/plugins/fr.ac6.mcu.externaltools.arm-none.linux64_1.15.0.201708311556/tools/compiler/bin/../lib/gcc/arm-none-eabi/6.3.1/../../../../arm-none-eabi/lib/thumb/v7e-m/fpv4-sp/hard/libnosys.a
END GROUP
LOAD /home/kuba/Programy/Ac6/SystemWorkbench/plugins/fr.ac6.mcu.externaltools.arm-none.linux64_1.15.0.201708311556/tools/compiler/bin/../lib/gcc/arm-none-eabi/6.3.1/thumb/v7e-m/fpv4-sp/hard/crtend.o
LOAD /home/kuba/Programy/Ac6/SystemWorkbench/plugins/fr.ac6.mcu.externaltools.arm-none.linux64_1.15.0.201708311556/tools/compiler/bin/../lib/gcc/arm-none-eabi/6.3.1/thumb/v7e-m/fpv4-sp/hard/crtn.o
                0x0000000020020000                _estack = 0x20020000
                0x0000000000000200                _Min_Heap_Size = 0x200
                0x0000000000000400                _Min_Stack_Size = 0x400

.isr_vector     0x0000000008000000      0x188
                0x0000000008000000                . = ALIGN (0x4)
 *(.isr_vector)
 .isr_vector    0x0000000008000000      0x188 Application/SW4STM32/startup_stm32f407xx.o
                0x0000000008000000                g_pfnVectors
                0x0000000008000188                . = ALIGN (0x4)

.text           0x0000000008000190     0x74cc
                0x0000000008000190                . = ALIGN (0x4)
 *(.text)
 .text          0x0000000008000190       0x6c /home/kuba/Programy/Ac6/SystemWorkbench/plugins/fr.ac6.mcu.externaltools.arm-none.linux64_1.15.0.201708311556/tools/compiler/bin/../lib/gcc/arm-none-eabi/6.3.1/thumb/v7e-m/fpv4-sp/hard/crtbegin.o
 .text          0x00000000080001fc      0x370 /home/kuba/Programy/Ac6/SystemWorkbench/plugins/fr.ac6.mcu.externaltools.arm-none.linux64_1.15.0.201708311556/tools/compiler/bin/../lib/gcc/arm-none-eabi/6.3.1/thumb/v7e-m/fpv4-sp/hard/libgcc.a(_arm_addsubdf3.o)
                0x00000000080001fc                __aeabi_drsub
                0x0000000008000204                __aeabi_dsub
                0x0000000008000204                __subdf3
                0x0000000008000208                __adddf3
                0x0000000008000208                __aeabi_dadd
                0x0000000008000480                __aeabi_ui2d
                0x0000000008000480                __floatunsidf
                0x00000000080004a0                __floatsidf
                0x00000000080004a0                __aeabi_i2d
                0x00000000080004c4                __extendsfdf2
                0x00000000080004c4                __aeabi_f2d
                0x0000000008000500                __aeabi_ul2d
                0x0000000008000500                __floatundidf
                0x0000000008000510                __floatdidf
                0x0000000008000510                __aeabi_l2d
 .text          0x000000000800056c      0x424 /home/kuba/Programy/Ac6/SystemWorkbench/plugins/fr.ac6.mcu.externaltools.arm-none.linux64_1.15.0.201708311556/tools/compiler/bin/../lib/gcc/arm-none-eabi/6.3.1/thumb/v7e-m/fpv4-sp/hard/libgcc.a(_arm_muldivdf3.o)
                0x000000000800056c                __aeabi_dmul
                0x000000000800056c                __muldf3
                0x00000000080007c0                __aeabi_ddiv
                0x00000000080007c0                __divdf3
 .text          0x0000000008000990      0x110 /home/kuba/Programy/Ac6/SystemWorkbench/plugins/fr.ac6.mcu.externaltools.arm-none.linux64_1.15.0.201708311556/tools/compiler/bin/../lib/gcc/arm-none-eabi/6.3.1/thumb/v7e-m/fpv4-sp/hard/libgcc.a(_arm_cmpdf2.o)
                0x0000000008000990                __gtdf2
                0x0000000008000990                __gedf2
                0x0000000008000998                __ltdf2
                0x0000000008000998                __ledf2
                0x00000000080009a0                __cmpdf2
                0x00000000080009a0                __eqdf2
                0x00000000080009a0                __nedf2
                0x0000000008000a1c                __aeabi_cdrcmple
                0x0000000008000a2c                __aeabi_cdcmple
                0x0000000008000a2c                __aeabi_cdcmpeq
                0x0000000008000a3c                __aeabi_dcmpeq
                0x0000000008000a50                __aeabi_dcmplt
                0x0000000008000a64                __aeabi_dcmple
                0x0000000008000a78                __aeabi_dcmpge
                0x0000000008000a8c                __aeabi_dcmpgt
 .text          0x0000000008000aa0       0x2c /home/kuba/Programy/Ac6/SystemWorkbench/plugins/fr.ac6.mcu.externaltools.arm-none.linux64_1.15.0.201708311556/tools/compiler/bin/../lib/gcc/arm-none-eabi/6.3.1/thumb/v7e-m/fpv4-sp/hard/libgcc.a(_arm_unorddf2.o)
                0x0000000008000aa0                __aeabi_dcmpun
                0x0000000008000aa0                __unorddf2
 .text          0x0000000008000acc       0xa0 /home/kuba/Programy/Ac6/SystemWorkbench/plugins/fr.ac6.mcu.externaltools.arm-none.linux64_1.15.0.201708311556/tools/compiler/bin/../lib/gcc/arm-none-eabi/6.3.1/thumb/v7e-m/fpv4-sp/hard/libgcc.a(_arm_truncdfsf2.o)
                0x0000000008000acc                __aeabi_d2f
                0x0000000008000acc                __truncdfsf2
 .text          0x0000000008000b6c       0x10 /home/kuba/Programy/Ac6/SystemWorkbench/plugins/fr.ac6.mcu.externaltools.arm-none.linux64_1.15.0.201708311556/tools/compiler/bin/../lib/gcc/arm-none-eabi/6.3.1/../../../../arm-none-eabi/lib/thumb/v7e-m/fpv4-sp/hard/libc_nano.a(lib_a-strlen.o)
                0x0000000008000b6c                strlen
 *fill*         0x0000000008000b7c        0x4 
 .text          0x0000000008000b80       0xa0 /home/kuba/Programy/Ac6/SystemWorkbench/plugins/fr.ac6.mcu.externaltools.arm-none.linux64_1.15.0.201708311556/tools/compiler/bin/../lib/gcc/arm-none-eabi/6.3.1/../../../../arm-none-eabi/lib/thumb/v7e-m/fpv4-sp/hard/libc_nano.a(lib_a-memchr.o)
                0x0000000008000b80                memchr
 .text          0x0000000008000c20       0x50 /home/kuba/Programy/Ac6/SystemWorkbench/plugins/fr.ac6.mcu.externaltools.arm-none.linux64_1.15.0.201708311556/tools/compiler/bin/../lib/gcc/arm-none-eabi/6.3.1/thumb/v7e-m/fpv4-sp/hard/libgcc.a(_arm_fixdfsi.o)
                0x0000000008000c20                __fixdfsi
                0x0000000008000c20                __aeabi_d2iz
 *(.text*)
 .text.Reset_Handler
                0x0000000008000c70       0x50 Application/SW4STM32/startup_stm32f407xx.o
                0x0000000008000c70                Reset_Handler
 .text.Default_Handler
                0x0000000008000cc0        0x2 Application/SW4STM32/startup_stm32f407xx.o
                0x0000000008000cc0                RTC_Alarm_IRQHandler
                0x0000000008000cc0                HASH_RNG_IRQHandler
                0x0000000008000cc0                EXTI2_IRQHandler
                0x0000000008000cc0                TIM8_CC_IRQHandler
                0x0000000008000cc0                TIM1_CC_IRQHandler
                0x0000000008000cc0                DMA2_Stream5_IRQHandler
                0x0000000008000cc0                DMA1_Stream5_IRQHandler
                0x0000000008000cc0                PVD_IRQHandler
                0x0000000008000cc0                SDIO_IRQHandler
                0x0000000008000cc0                TAMP_STAMP_IRQHandler
                0x0000000008000cc0                CAN2_RX1_IRQHandler
                0x0000000008000cc0                EXTI3_IRQHandler
                0x0000000008000cc0                TIM8_TRG_COM_TIM14_IRQHandler
                0x0000000008000cc0                TIM1_UP_TIM10_IRQHandler
                0x0000000008000cc0                TIM8_UP_TIM13_IRQHandler
                0x0000000008000cc0                I2C3_ER_IRQHandler
                0x0000000008000cc0                EXTI0_IRQHandler
                0x0000000008000cc0                I2C2_EV_IRQHandler
                0x0000000008000cc0                DMA1_Stream2_IRQHandler
                0x0000000008000cc0                CAN1_RX0_IRQHandler
                0x0000000008000cc0                FPU_IRQHandler
                0x0000000008000cc0                OTG_HS_WKUP_IRQHandler
                0x0000000008000cc0                CAN2_SCE_IRQHandler
                0x0000000008000cc0                DMA2_Stream2_IRQHandler
                0x0000000008000cc0                SPI1_IRQHandler
                0x0000000008000cc0                TIM6_DAC_IRQHandler
                0x0000000008000cc0                TIM1_BRK_TIM9_IRQHandler
                0x0000000008000cc0                DCMI_IRQHandler
                0x0000000008000cc0                CAN2_RX0_IRQHandler
                0x0000000008000cc0                DMA2_Stream3_IRQHandler
                0x0000000008000cc0                CAN1_RX1_IRQHandler
                0x0000000008000cc0                DMA2_Stream0_IRQHandler
                0x0000000008000cc0                TIM4_IRQHandler
                0x0000000008000cc0                I2C1_EV_IRQHandler
                0x0000000008000cc0                DMA1_Stream6_IRQHandler
                0x0000000008000cc0                DMA1_Stream1_IRQHandler
                0x0000000008000cc0                TIM3_IRQHandler
                0x0000000008000cc0                RCC_IRQHandler
                0x0000000008000cc0                TIM8_BRK_TIM12_IRQHandler
                0x0000000008000cc0                Default_Handler
                0x0000000008000cc0                EXTI15_10_IRQHandler
                0x0000000008000cc0                ADC_IRQHandler
                0x0000000008000cc0                DMA1_Stream7_IRQHandler
                0x0000000008000cc0                TIM7_IRQHandler
                0x0000000008000cc0                CAN2_TX_IRQHandler
                0x0000000008000cc0                TIM5_IRQHandler
                0x0000000008000cc0                DMA2_Stream7_IRQHandler
                0x0000000008000cc0                I2C3_EV_IRQHandler
                0x0000000008000cc0                RTC_WKUP_IRQHandler
                0x0000000008000cc0                ETH_WKUP_IRQHandler
                0x0000000008000cc0                SPI2_IRQHandler
                0x0000000008000cc0                OTG_HS_EP1_IN_IRQHandler
                0x0000000008000cc0                DMA1_Stream0_IRQHandler
                0x0000000008000cc0                CAN1_TX_IRQHandler
                0x0000000008000cc0                EXTI4_IRQHandler
                0x0000000008000cc0                FSMC_IRQHandler
                0x0000000008000cc0                ETH_IRQHandler
                0x0000000008000cc0                OTG_HS_EP1_OUT_IRQHandler
                0x0000000008000cc0                WWDG_IRQHandler
                0x0000000008000cc0                TIM2_IRQHandler
                0x0000000008000cc0                OTG_FS_WKUP_IRQHandler
                0x0000000008000cc0                TIM1_TRG_COM_TIM11_IRQHandler
                0x0000000008000cc0                OTG_HS_IRQHandler
                0x0000000008000cc0                EXTI1_IRQHandler
                0x0000000008000cc0                I2C2_ER_IRQHandler
                0x0000000008000cc0                DMA2_Stream1_IRQHandler
                0x0000000008000cc0                CAN1_SCE_IRQHandler
                0x0000000008000cc0                FLASH_IRQHandler
                0x0000000008000cc0                DMA2_Stream4_IRQHandler
                0x0000000008000cc0                OTG_FS_IRQHandler
                0x0000000008000cc0                SPI3_IRQHandler
                0x0000000008000cc0                DMA1_Stream4_IRQHandler
                0x0000000008000cc0                I2C1_ER_IRQHandler
                0x0000000008000cc0                DMA2_Stream6_IRQHandler
                0x0000000008000cc0                DMA1_Stream3_IRQHandler
 *fill*         0x0000000008000cc2        0x2 
 .text.MX_GPIO_Init
                0x0000000008000cc4       0x78 Application/User/main.o
 .text.HAL_GPIO_EXTI_Callback
                0x0000000008000d3c       0x18 Application/User/main.o
                0x0000000008000d3c                HAL_GPIO_EXTI_Callback
 .text._Error_Handler
                0x0000000008000d54        0x2 Application/User/main.o
                0x0000000008000d54                _Error_Handler
 *fill*         0x0000000008000d56        0x2 
 .text.MX_I2C1_Init
                0x0000000008000d58       0x40 Application/User/main.o
 .text.MX_USART6_UART_Init
                0x0000000008000d98       0x3c Application/User/main.o
 .text.SystemClock_Config
                0x0000000008000dd4       0xc4 Application/User/main.o
                0x0000000008000dd4                SystemClock_Config
 .text.main     0x0000000008000e98       0xc4 Application/User/main.o
                0x0000000008000e98                main
 .text.HAL_MspInit
                0x0000000008000f5c       0x5e Application/User/stm32f4xx_hal_msp.o
                0x0000000008000f5c                HAL_MspInit
 *fill*         0x0000000008000fba        0x2 
 .text.HAL_I2C_MspInit
                0x0000000008000fbc       0x58 Application/User/stm32f4xx_hal_msp.o
                0x0000000008000fbc                HAL_I2C_MspInit
 .text.HAL_UART_MspInit
                0x0000000008001014       0x54 Application/User/stm32f4xx_hal_msp.o
                0x0000000008001014                HAL_UART_MspInit
 .text.NMI_Handler
                0x0000000008001068        0x2 Application/User/stm32f4xx_it.o
                0x0000000008001068                NMI_Handler
 .text.HardFault_Handler
                0x000000000800106a        0x2 Application/User/stm32f4xx_it.o
                0x000000000800106a                HardFault_Handler
 .text.MemManage_Handler
                0x000000000800106c        0x2 Application/User/stm32f4xx_it.o
                0x000000000800106c                MemManage_Handler
 .text.BusFault_Handler
                0x000000000800106e        0x2 Application/User/stm32f4xx_it.o
                0x000000000800106e                BusFault_Handler
 .text.UsageFault_Handler
                0x0000000008001070        0x2 Application/User/stm32f4xx_it.o
                0x0000000008001070                UsageFault_Handler
 .text.SVC_Handler
                0x0000000008001072        0x2 Application/User/stm32f4xx_it.o
                0x0000000008001072                SVC_Handler
 .text.DebugMon_Handler
                0x0000000008001074        0x2 Application/User/stm32f4xx_it.o
                0x0000000008001074                DebugMon_Handler
 .text.PendSV_Handler
                0x0000000008001076        0x2 Application/User/stm32f4xx_it.o
                0x0000000008001076                PendSV_Handler
 .text.SysTick_Handler
                0x0000000008001078        0xc Application/User/stm32f4xx_it.o
                0x0000000008001078                SysTick_Handler
 .text.EXTI9_5_IRQHandler
                0x0000000008001084        0xa Application/User/stm32f4xx_it.o
                0x0000000008001084                EXTI9_5_IRQHandler
 *fill*         0x000000000800108e        0x2 
 .text.SystemInit
                0x0000000008001090       0x4c Drivers/CMSIS/system_stm32f4xx.o
                0x0000000008001090                SystemInit
 .text.HAL_InitTick
                0x00000000080010dc       0x2c Drivers/STM32F4xx_HAL_Driver/stm32f4xx_hal.o
                0x00000000080010dc                HAL_InitTick
 .text.HAL_Init
                0x0000000008001108       0x34 Drivers/STM32F4xx_HAL_Driver/stm32f4xx_hal.o
                0x0000000008001108                HAL_Init
 .text.HAL_NVIC_SetPriorityGrouping
                0x000000000800113c       0x24 Drivers/STM32F4xx_HAL_Driver/stm32f4xx_hal_cortex.o
                0x000000000800113c                HAL_NVIC_SetPriorityGrouping
 .text.HAL_NVIC_SetPriority
                0x0000000008001160       0x64 Drivers/STM32F4xx_HAL_Driver/stm32f4xx_hal_cortex.o
                0x0000000008001160                HAL_NVIC_SetPriority
 .text.HAL_NVIC_EnableIRQ
                0x00000000080011c4       0x18 Drivers/STM32F4xx_HAL_Driver/stm32f4xx_hal_cortex.o
                0x00000000080011c4                HAL_NVIC_EnableIRQ
 .text.HAL_NVIC_DisableIRQ
                0x00000000080011dc       0x1c Drivers/STM32F4xx_HAL_Driver/stm32f4xx_hal_cortex.o
                0x00000000080011dc                HAL_NVIC_DisableIRQ
 .text.HAL_SYSTICK_Config
                0x00000000080011f8       0x2c Drivers/STM32F4xx_HAL_Driver/stm32f4xx_hal_cortex.o
                0x00000000080011f8                HAL_SYSTICK_Config
 .text.HAL_NVIC_ClearPendingIRQ
                0x0000000008001224       0x1c Drivers/STM32F4xx_HAL_Driver/stm32f4xx_hal_cortex.o
                0x0000000008001224                HAL_NVIC_ClearPendingIRQ
 .text.HAL_SYSTICK_CLKSourceConfig
                0x0000000008001240       0x20 Drivers/STM32F4xx_HAL_Driver/stm32f4xx_hal_cortex.o
                0x0000000008001240                HAL_SYSTICK_CLKSourceConfig
 .text.HAL_SYSTICK_Callback
                0x0000000008001260        0x2 Drivers/STM32F4xx_HAL_Driver/stm32f4xx_hal_cortex.o
                0x0000000008001260                HAL_SYSTICK_Callback
 .text.HAL_SYSTICK_IRQHandler
                0x0000000008001262        0x8 Drivers/STM32F4xx_HAL_Driver/stm32f4xx_hal_cortex.o
                0x0000000008001262                HAL_SYSTICK_IRQHandler
 *fill*         0x000000000800126a        0x2 
 .text.HAL_GPIO_Init
                0x000000000800126c      0x1cc Drivers/STM32F4xx_HAL_Driver/stm32f4xx_hal_gpio.o
                0x000000000800126c                HAL_GPIO_Init
 .text.HAL_GPIO_EXTI_IRQHandler
                0x0000000008001438       0x1c Drivers/STM32F4xx_HAL_Driver/stm32f4xx_hal_gpio.o
                0x0000000008001438                HAL_GPIO_EXTI_IRQHandler
 .text.I2C_IsAcknowledgeFailed
                0x0000000008001454       0x2a Drivers/STM32F4xx_HAL_Driver/stm32f4xx_hal_i2c.o
 .text.I2C_WaitOnFlagUntilTimeout
                0x000000000800147e       0x68 Drivers/STM32F4xx_HAL_Driver/stm32f4xx_hal_i2c.o
 .text.I2C_WaitOnMasterAddressFlagUntilTimeout
                0x00000000080014e6       0x90 Drivers/STM32F4xx_HAL_Driver/stm32f4xx_hal_i2c.o
 *fill*         0x0000000008001576        0x2 
 .text.I2C_MasterRequestWrite
                0x0000000008001578       0xbc Drivers/STM32F4xx_HAL_Driver/stm32f4xx_hal_i2c.o
 .text.I2C_MasterRequestRead
                0x0000000008001634      0x120 Drivers/STM32F4xx_HAL_Driver/stm32f4xx_hal_i2c.o
 .text.I2C_WaitOnTXEFlagUntilTimeout
                0x0000000008001754       0x4e Drivers/STM32F4xx_HAL_Driver/stm32f4xx_hal_i2c.o
 .text.I2C_WaitOnBTFFlagUntilTimeout
                0x00000000080017a2       0x4e Drivers/STM32F4xx_HAL_Driver/stm32f4xx_hal_i2c.o
 .text.I2C_WaitOnRXNEFlagUntilTimeout
                0x00000000080017f0       0x5c Drivers/STM32F4xx_HAL_Driver/stm32f4xx_hal_i2c.o
 .text.HAL_I2C_Init
                0x000000000800184c      0x11c Drivers/STM32F4xx_HAL_Driver/stm32f4xx_hal_i2c.o
                0x000000000800184c                HAL_I2C_Init
 .text.HAL_I2C_Master_Transmit
                0x0000000008001968      0x184 Drivers/STM32F4xx_HAL_Driver/stm32f4xx_hal_i2c.o
                0x0000000008001968                HAL_I2C_Master_Transmit
 .text.HAL_I2C_Master_Receive
                0x0000000008001aec      0x2f4 Drivers/STM32F4xx_HAL_Driver/stm32f4xx_hal_i2c.o
                0x0000000008001aec                HAL_I2C_Master_Receive
 .text.HAL_I2C_IsDeviceReady
                0x0000000008001de0      0x18c Drivers/STM32F4xx_HAL_Driver/stm32f4xx_hal_i2c.o
                0x0000000008001de0                HAL_I2C_IsDeviceReady
 .text.HAL_I2C_GetError
                0x0000000008001f6c        0x4 Drivers/STM32F4xx_HAL_Driver/stm32f4xx_hal_i2c.o
                0x0000000008001f6c                HAL_I2C_GetError
 .text.HAL_RCC_OscConfig
                0x0000000008001f70      0x3b0 Drivers/STM32F4xx_HAL_Driver/stm32f4xx_hal_rcc.o
                0x0000000008001f70                HAL_RCC_OscConfig
 .text.HAL_RCC_GetSysClockFreq
                0x0000000008002320       0x94 Drivers/STM32F4xx_HAL_Driver/stm32f4xx_hal_rcc.o
                0x0000000008002320                HAL_RCC_GetSysClockFreq
 .text.HAL_RCC_ClockConfig
                0x00000000080023b4      0x19c Drivers/STM32F4xx_HAL_Driver/stm32f4xx_hal_rcc.o
                0x00000000080023b4                HAL_RCC_ClockConfig
 .text.HAL_RCC_GetHCLKFreq
                0x0000000008002550        0xc Drivers/STM32F4xx_HAL_Driver/stm32f4xx_hal_rcc.o
                0x0000000008002550                HAL_RCC_GetHCLKFreq
 .text.HAL_RCC_GetPCLK1Freq
                0x000000000800255c       0x2c Drivers/STM32F4xx_HAL_Driver/stm32f4xx_hal_rcc.o
                0x000000000800255c                HAL_RCC_GetPCLK1Freq
 .text.HAL_RCC_GetPCLK2Freq
                0x0000000008002588       0x2c Drivers/STM32F4xx_HAL_Driver/stm32f4xx_hal_rcc.o
                0x0000000008002588                HAL_RCC_GetPCLK2Freq
 .text.UART_SetConfig
                0x00000000080025b4      0x344 Drivers/STM32F4xx_HAL_Driver/stm32f4xx_hal_uart.o
 .text.HAL_UART_Init
                0x00000000080028f8       0x5e Drivers/STM32F4xx_HAL_Driver/stm32f4xx_hal_uart.o
                0x00000000080028f8                HAL_UART_Init
 *fill*         0x0000000008002956        0x2 
 .text.AHRS_PrintSerial
                0x0000000008002958       0x54 Src/ahrs.o
                0x0000000008002958                AHRS_PrintSerial
 .text.AHRS_PrintSerialEulers
                0x00000000080029ac        0xe Src/ahrs.o
                0x00000000080029ac                AHRS_PrintSerialEulers
 *fill*         0x00000000080029ba        0x2 
 .text.AHRS_PrintSerialIMU_Results
                0x00000000080029bc       0x84 Src/ahrs.o
                0x00000000080029bc                AHRS_PrintSerialIMU_Results
 .text.rotate180
                0x0000000008002a40       0x24 Src/ahrs.o
                0x0000000008002a40                rotate180
 *fill*         0x0000000008002a64        0x4 
 .text.CalculateFromCalibratedAccelerometer
                0x0000000008002a68      0x12c Src/ahrs.o
                0x0000000008002a68                CalculateFromCalibratedAccelerometer
 .text.IMU_AHRS_Update
                0x0000000008002b94      0x10c Src/ahrs.o
                0x0000000008002b94                IMU_AHRS_Update
 .text.cityblock
                0x0000000008002ca0       0x34 Src/dtw_classifier.o
                0x0000000008002ca0                cityblock
 .text.dtw_tests
                0x0000000008002cd4       0xb8 Src/dtw_classifier.o
                0x0000000008002cd4                dtw_tests
 .text.IMU_Sensor_Initialize
                0x0000000008002d8c       0x74 Src/imu_sensor.o
                0x0000000008002d8c                IMU_Sensor_Initialize
 .text.IMU_Sensor_UpdateInterruptFlag
                0x0000000008002e00        0x4 Src/imu_sensor.o
                0x0000000008002e00                IMU_Sensor_UpdateInterruptFlag
 .text.IMU_IsReadyToRead
                0x0000000008002e04       0x16 Src/imu_sensor.o
                0x0000000008002e04                IMU_IsReadyToRead
 .text.IMU_Sensor_Read_Update
                0x0000000008002e1a       0x2c Src/imu_sensor.o
                0x0000000008002e1a                IMU_Sensor_Read_Update
 .text.oneOverSqrt
                0x0000000008002e46       0x28 TM/tm_stm32_ahrs_imu.o
 *fill*         0x0000000008002e6e        0x2 
 .text.calculateAngles
                0x0000000008002e70      0x174 TM/tm_stm32_ahrs_imu.o
 .text.TM_AHRSIMU_Init
                0x0000000008002fe4       0x22 TM/tm_stm32_ahrs_imu.o
                0x0000000008002fe4                TM_AHRSIMU_Init
 .text.TM_AHRSIMU_UpdateIMU
                0x0000000008003006      0x2c0 TM/tm_stm32_ahrs_imu.o
                0x0000000008003006                TM_AHRSIMU_UpdateIMU
 .text.TM_AHRSIMU_UpdateAHRS
                0x00000000080032c6      0x58a TM/tm_stm32_ahrs_imu.o
                0x00000000080032c6                TM_AHRSIMU_UpdateAHRS
 .text.TM_BUFFER_GetFree
                0x0000000008003850       0x2a TM/tm_stm32_buffer.o
                0x0000000008003850                TM_BUFFER_GetFree
 .text.TM_BUFFER_Write
                0x000000000800387a       0x7e TM/tm_stm32_buffer.o
                0x000000000800387a                TM_BUFFER_Write
 .text.TM_DELAY_1msHandler
                0x00000000080038f8        0x2 TM/tm_stm32_delay.o
                0x00000000080038f8                TM_DELAY_1msHandler
 *fill*         0x00000000080038fa        0x2 
 .text.HAL_IncTick
                0x00000000080038fc       0x84 TM/tm_stm32_delay.o
                0x00000000080038fc                HAL_IncTick
 .text.HAL_GetTick
                0x0000000008003980        0xc TM/tm_stm32_delay.o
                0x0000000008003980                HAL_GetTick
 .text.HAL_Delay
                0x000000000800398c       0x34 TM/tm_stm32_delay.o
                0x000000000800398c                HAL_Delay
 .text.TM_DISCO_LedInit
                0x00000000080039c0       0x28 TM/tm_stm32_disco.o
                0x00000000080039c0                TM_DISCO_LedInit
 .text.TM_GPIO_GetPortSource
                0x00000000080039e8        0xe TM/tm_stm32_gpio.o
                0x00000000080039e8                TM_GPIO_GetPortSource
 *fill*         0x00000000080039f6        0x2 
 .text.TM_GPIO_INT_EnableClock
                0x00000000080039f8       0x1c TM/tm_stm32_gpio.o
                0x00000000080039f8                TM_GPIO_INT_EnableClock
 .text.TM_GPIO_INT_Init
                0x0000000008003a14       0xa8 TM/tm_stm32_gpio.o
                0x0000000008003a14                TM_GPIO_INT_Init
 .text.TM_GPIO_Init
                0x0000000008003abc       0x30 TM/tm_stm32_gpio.o
                0x0000000008003abc                TM_GPIO_Init
 .text.TM_GPIO_InitAlternate
                0x0000000008003aec       0x6c TM/tm_stm32_gpio.o
                0x0000000008003aec                TM_GPIO_InitAlternate
 .text.TM_I2C_FillSettings
                0x0000000008003b58       0x18 TM/tm_stm32_i2c.o
 .text.TM_I2C_GetHandle
                0x0000000008003b70       0x38 TM/tm_stm32_i2c.o
                0x0000000008003b70                TM_I2C_GetHandle
 .text.TM_I2C_Read
                0x0000000008003ba8       0x56 TM/tm_stm32_i2c.o
                0x0000000008003ba8                TM_I2C_Read
 .text.TM_I2C_ReadMulti
                0x0000000008003bfe       0x58 TM/tm_stm32_i2c.o
                0x0000000008003bfe                TM_I2C_ReadMulti
 .text.TM_I2C_Write
                0x0000000008003c56       0x3a TM/tm_stm32_i2c.o
                0x0000000008003c56                TM_I2C_Write
 .text.TM_I2C_IsDeviceConnected
                0x0000000008003c90       0x1c TM/tm_stm32_i2c.o
                0x0000000008003c90                TM_I2C_IsDeviceConnected
 .text.TM_I2C_InitCustomPinsCallback
                0x0000000008003cac        0x2 TM/tm_stm32_i2c.o
                0x0000000008003cac                TM_I2C_InitCustomPinsCallback
 *fill*         0x0000000008003cae        0x2 
 .text.TM_I2C1_INT_InitPins
                0x0000000008003cb0       0x70 TM/tm_stm32_i2c.o
 .text.TM_I2C2_INT_InitPins
                0x0000000008003d20       0x74 TM/tm_stm32_i2c.o
 .text.TM_I2C3_INT_InitPins
                0x0000000008003d94       0x70 TM/tm_stm32_i2c.o
 .text.TM_I2C_Init
                0x0000000008003e04       0xa8 TM/tm_stm32_i2c.o
                0x0000000008003e04                TM_I2C_Init
 .text.TM_MPU6050_SetGyroscope
                0x0000000008003eac       0x74 TM/tm_stm32_mpu6050.o
                0x0000000008003eac                TM_MPU6050_SetGyroscope
 .text.TM_MPU6050_SetAccelerometer
                0x0000000008003f20       0x6c TM/tm_stm32_mpu6050.o
                0x0000000008003f20                TM_MPU6050_SetAccelerometer
 .text.TM_MPU6050_SetDataRate
                0x0000000008003f8c       0x1c TM/tm_stm32_mpu6050.o
                0x0000000008003f8c                TM_MPU6050_SetDataRate
 .text.TM_MPU6050_Init
                0x0000000008003fa8       0x78 TM/tm_stm32_mpu6050.o
                0x0000000008003fa8                TM_MPU6050_Init
 .text.TM_MPU6050_EnableInterrupts
                0x0000000008004020       0x44 TM/tm_stm32_mpu6050.o
                0x0000000008004020                TM_MPU6050_EnableInterrupts
 .text.TM_MPU6050_ReadInterrupts
                0x0000000008004064       0x2c TM/tm_stm32_mpu6050.o
                0x0000000008004064                TM_MPU6050_ReadInterrupts
 .text.TM_MPU6050_ReadAll
                0x0000000008004090       0xa8 TM/tm_stm32_mpu6050.o
                0x0000000008004090                TM_MPU6050_ReadAll
 .text.TM_USART_INT_GetSubPriority
                0x0000000008004138       0x4c TM/tm_stm32_usart.o
 .text.TM_USART_INT_ClearAllFlags
                0x0000000008004184       0x4e TM/tm_stm32_usart.o
 .text.TM_USART_INT_InsertToBuffer
                0x00000000080041d2       0x18 TM/tm_stm32_usart.o
 .text.TM_USART_Puts
                0x00000000080041ea       0x1e TM/tm_stm32_usart.o
                0x00000000080041ea                TM_USART_Puts
 .text.TM_USART_InitCustomPinsCallback
                0x0000000008004208        0x2 TM/tm_stm32_usart.o
                0x0000000008004208                TM_USART_InitCustomPinsCallback
 *fill*         0x000000000800420a        0x2 
 .text.TM_USART1_InitPins
                0x000000000800420c       0x84 TM/tm_stm32_usart.o
                0x000000000800420c                TM_USART1_InitPins
 .text.TM_USART2_InitPins
                0x0000000008004290       0x58 TM/tm_stm32_usart.o
                0x0000000008004290                TM_USART2_InitPins
 .text.TM_USART3_InitPins
                0x00000000080042e8       0x7c TM/tm_stm32_usart.o
                0x00000000080042e8                TM_USART3_InitPins
 .text.TM_UART4_InitPins
                0x0000000008004364       0x58 TM/tm_stm32_usart.o
                0x0000000008004364                TM_UART4_InitPins
 .text.TM_UART5_InitPins
                0x00000000080043bc       0x50 TM/tm_stm32_usart.o
                0x00000000080043bc                TM_UART5_InitPins
 .text.TM_USART6_InitPins
                0x000000000800440c       0x5c TM/tm_stm32_usart.o
                0x000000000800440c                TM_USART6_InitPins
 .text.TM_USART_INT_Init
                0x0000000008004468      0x1d0 TM/tm_stm32_usart.o
 .text.TM_USART_Init
                0x0000000008004638       0xd8 TM/tm_stm32_usart.o
                0x0000000008004638                TM_USART_Init
 .text.USART1_IRQHandler
                0x0000000008004710       0x2c TM/tm_stm32_usart.o
                0x0000000008004710                USART1_IRQHandler
 .text.USART2_IRQHandler
                0x000000000800473c       0x2c TM/tm_stm32_usart.o
                0x000000000800473c                USART2_IRQHandler
 .text.USART3_IRQHandler
                0x0000000008004768       0x2c TM/tm_stm32_usart.o
                0x0000000008004768                USART3_IRQHandler
 .text.UART4_IRQHandler
                0x0000000008004794       0x2c TM/tm_stm32_usart.o
                0x0000000008004794                UART4_IRQHandler
 .text.UART5_IRQHandler
                0x00000000080047c0       0x2c TM/tm_stm32_usart.o
                0x00000000080047c0                UART5_IRQHandler
 .text.USART6_IRQHandler
                0x00000000080047ec       0x2c TM/tm_stm32_usart.o
                0x00000000080047ec                USART6_IRQHandler
 .text.atan     0x0000000008004818      0x368 /home/kuba/Programy/Ac6/SystemWorkbench/plugins/fr.ac6.mcu.externaltools.arm-none.linux64_1.15.0.201708311556/tools/compiler/bin/../lib/gcc/arm-none-eabi/6.3.1/../../../../arm-none-eabi/lib/thumb/v7e-m/fpv4-sp/hard/libm.a(lib_a-s_atan.o)
                0x0000000008004818                atan
 .text.fabs     0x0000000008004b80       0x10 /home/kuba/Programy/Ac6/SystemWorkbench/plugins/fr.ac6.mcu.externaltools.arm-none.linux64_1.15.0.201708311556/tools/compiler/bin/../lib/gcc/arm-none-eabi/6.3.1/../../../../arm-none-eabi/lib/thumb/v7e-m/fpv4-sp/hard/libm.a(lib_a-s_fabs.o)
                0x0000000008004b80                fabs
 .text.asin     0x0000000008004b90       0xbc /home/kuba/Programy/Ac6/SystemWorkbench/plugins/fr.ac6.mcu.externaltools.arm-none.linux64_1.15.0.201708311556/tools/compiler/bin/../lib/gcc/arm-none-eabi/6.3.1/../../../../arm-none-eabi/lib/thumb/v7e-m/fpv4-sp/hard/libm.a(lib_a-w_asin.o)
                0x0000000008004b90                asin
 .text.atan2    0x0000000008004c4c        0x4 /home/kuba/Programy/Ac6/SystemWorkbench/plugins/fr.ac6.mcu.externaltools.arm-none.linux64_1.15.0.201708311556/tools/compiler/bin/../lib/gcc/arm-none-eabi/6.3.1/../../../../arm-none-eabi/lib/thumb/v7e-m/fpv4-sp/hard/libm.a(lib_a-w_atan2.o)
                0x0000000008004c4c                atan2
 .text.sqrt     0x0000000008004c50       0xb8 /home/kuba/Programy/Ac6/SystemWorkbench/plugins/fr.ac6.mcu.externaltools.arm-none.linux64_1.15.0.201708311556/tools/compiler/bin/../lib/gcc/arm-none-eabi/6.3.1/../../../../arm-none-eabi/lib/thumb/v7e-m/fpv4-sp/hard/libm.a(lib_a-w_sqrt.o)
                0x0000000008004c50                sqrt
 .text.__ieee754_asin
                0x0000000008004d08      0x484 /home/kuba/Programy/Ac6/SystemWorkbench/plugins/fr.ac6.mcu.externaltools.arm-none.linux64_1.15.0.201708311556/tools/compiler/bin/../lib/gcc/arm-none-eabi/6.3.1/../../../../arm-none-eabi/lib/thumb/v7e-m/fpv4-sp/hard/libm.a(lib_a-e_asin.o)
                0x0000000008004d08                __ieee754_asin
 *fill*         0x000000000800518c        0x4 
 .text.__ieee754_atan2
                0x0000000008005190      0x1c4 /home/kuba/Programy/Ac6/SystemWorkbench/plugins/fr.ac6.mcu.externaltools.arm-none.linux64_1.15.0.201708311556/tools/compiler/bin/../lib/gcc/arm-none-eabi/6.3.1/../../../../arm-none-eabi/lib/thumb/v7e-m/fpv4-sp/hard/libm.a(lib_a-e_atan2.o)
                0x0000000008005190                __ieee754_atan2
 .text.__ieee754_sqrt
                0x0000000008005354      0x198 /home/kuba/Programy/Ac6/SystemWorkbench/plugins/fr.ac6.mcu.externaltools.arm-none.linux64_1.15.0.201708311556/tools/compiler/bin/../lib/gcc/arm-none-eabi/6.3.1/../../../../arm-none-eabi/lib/thumb/v7e-m/fpv4-sp/hard/libm.a(lib_a-e_sqrt.o)
                0x0000000008005354                __ieee754_sqrt
 .text.matherr  0x00000000080054ec        0x4 /home/kuba/Programy/Ac6/SystemWorkbench/plugins/fr.ac6.mcu.externaltools.arm-none.linux64_1.15.0.201708311556/tools/compiler/bin/../lib/gcc/arm-none-eabi/6.3.1/../../../../arm-none-eabi/lib/thumb/v7e-m/fpv4-sp/hard/libm.a(lib_a-s_matherr.o)
                0x00000000080054ec                matherr
 .text.nan      0x00000000080054f0       0x10 /home/kuba/Programy/Ac6/SystemWorkbench/plugins/fr.ac6.mcu.externaltools.arm-none.linux64_1.15.0.201708311556/tools/compiler/bin/../lib/gcc/arm-none-eabi/6.3.1/../../../../arm-none-eabi/lib/thumb/v7e-m/fpv4-sp/hard/libm.a(lib_a-s_nan.o)
                0x00000000080054f0                nan
 .text.__errno  0x0000000008005500        0xc /home/kuba/Programy/Ac6/SystemWorkbench/plugins/fr.ac6.mcu.externaltools.arm-none.linux64_1.15.0.201708311556/tools/compiler/bin/../lib/gcc/arm-none-eabi/6.3.1/../../../../arm-none-eabi/lib/thumb/v7e-m/fpv4-sp/hard/libc_nano.a(lib_a-errno.o)
                0x0000000008005500                __errno
 .text.__libc_init_array
                0x000000000800550c       0x48 /home/kuba/Programy/Ac6/SystemWorkbench/plugins/fr.ac6.mcu.externaltools.arm-none.linux64_1.15.0.201708311556/tools/compiler/bin/../lib/gcc/arm-none-eabi/6.3.1/../../../../arm-none-eabi/lib/thumb/v7e-m/fpv4-sp/hard/libc_nano.a(lib_a-init.o)
                0x000000000800550c                __libc_init_array
 .text.malloc   0x0000000008005554       0x10 /home/kuba/Programy/Ac6/SystemWorkbench/plugins/fr.ac6.mcu.externaltools.arm-none.linux64_1.15.0.201708311556/tools/compiler/bin/../lib/gcc/arm-none-eabi/6.3.1/../../../../arm-none-eabi/lib/thumb/v7e-m/fpv4-sp/hard/libc_nano.a(lib_a-malloc.o)
                0x0000000008005554                malloc
 .text.memcpy   0x0000000008005564       0x16 /home/kuba/Programy/Ac6/SystemWorkbench/plugins/fr.ac6.mcu.externaltools.arm-none.linux64_1.15.0.201708311556/tools/compiler/bin/../lib/gcc/arm-none-eabi/6.3.1/../../../../arm-none-eabi/lib/thumb/v7e-m/fpv4-sp/hard/libc_nano.a(lib_a-memcpy-stub.o)
                0x0000000008005564                memcpy
 .text.memset   0x000000000800557a       0x10 /home/kuba/Programy/Ac6/SystemWorkbench/plugins/fr.ac6.mcu.externaltools.arm-none.linux64_1.15.0.201708311556/tools/compiler/bin/../lib/gcc/arm-none-eabi/6.3.1/../../../../arm-none-eabi/lib/thumb/v7e-m/fpv4-sp/hard/libc_nano.a(lib_a-memset.o)
                0x000000000800557a                memset
 *fill*         0x000000000800558a        0x2 
 .text._free_r  0x000000000800558c       0x9c /home/kuba/Programy/Ac6/SystemWorkbench/plugins/fr.ac6.mcu.externaltools.arm-none.linux64_1.15.0.201708311556/tools/compiler/bin/../lib/gcc/arm-none-eabi/6.3.1/../../../../arm-none-eabi/lib/thumb/v7e-m/fpv4-sp/hard/libc_nano.a(lib_a-nano-freer.o)
                0x000000000800558c                _free_r
 .text._malloc_r
                0x0000000008005628       0xbc /home/kuba/Programy/Ac6/SystemWorkbench/plugins/fr.ac6.mcu.externaltools.arm-none.linux64_1.15.0.201708311556/tools/compiler/bin/../lib/gcc/arm-none-eabi/6.3.1/../../../../arm-none-eabi/lib/thumb/v7e-m/fpv4-sp/hard/libc_nano.a(lib_a-nano-mallocr.o)
                0x0000000008005628                _malloc_r
 .text.__cvt    0x00000000080056e4       0xc2 /home/kuba/Programy/Ac6/SystemWorkbench/plugins/fr.ac6.mcu.externaltools.arm-none.linux64_1.15.0.201708311556/tools/compiler/bin/../lib/gcc/arm-none-eabi/6.3.1/../../../../arm-none-eabi/lib/thumb/v7e-m/fpv4-sp/hard/libc_nano.a(lib_a-nano-vfprintf_float.o)
                0x00000000080056e4                __cvt
 .text.__exponent
                0x00000000080057a6       0x6a /home/kuba/Programy/Ac6/SystemWorkbench/plugins/fr.ac6.mcu.externaltools.arm-none.linux64_1.15.0.201708311556/tools/compiler/bin/../lib/gcc/arm-none-eabi/6.3.1/../../../../arm-none-eabi/lib/thumb/v7e-m/fpv4-sp/hard/libc_nano.a(lib_a-nano-vfprintf_float.o)
                0x00000000080057a6                __exponent
 .text._printf_float
                0x0000000008005810      0x480 /home/kuba/Programy/Ac6/SystemWorkbench/plugins/fr.ac6.mcu.externaltools.arm-none.linux64_1.15.0.201708311556/tools/compiler/bin/../lib/gcc/arm-none-eabi/6.3.1/../../../../arm-none-eabi/lib/thumb/v7e-m/fpv4-sp/hard/libc_nano.a(lib_a-nano-vfprintf_float.o)
                0x0000000008005810                _printf_float
 .text._printf_common
                0x0000000008005c90       0xec /home/kuba/Programy/Ac6/SystemWorkbench/plugins/fr.ac6.mcu.externaltools.arm-none.linux64_1.15.0.201708311556/tools/compiler/bin/../lib/gcc/arm-none-eabi/6.3.1/../../../../arm-none-eabi/lib/thumb/v7e-m/fpv4-sp/hard/libc_nano.a(lib_a-nano-vfprintf_i.o)
                0x0000000008005c90                _printf_common
 .text._printf_i
                0x0000000008005d7c      0x240 /home/kuba/Programy/Ac6/SystemWorkbench/plugins/fr.ac6.mcu.externaltools.arm-none.linux64_1.15.0.201708311556/tools/compiler/bin/../lib/gcc/arm-none-eabi/6.3.1/../../../../arm-none-eabi/lib/thumb/v7e-m/fpv4-sp/hard/libc_nano.a(lib_a-nano-vfprintf_i.o)
                0x0000000008005d7c                _printf_i
 .text._sbrk_r  0x0000000008005fbc       0x20 /home/kuba/Programy/Ac6/SystemWorkbench/plugins/fr.ac6.mcu.externaltools.arm-none.linux64_1.15.0.201708311556/tools/compiler/bin/../lib/gcc/arm-none-eabi/6.3.1/../../../../arm-none-eabi/lib/thumb/v7e-m/fpv4-sp/hard/libc_nano.a(lib_a-sbrkr.o)
                0x0000000008005fbc                _sbrk_r
 .text.sprintf  0x0000000008005fdc       0x48 /home/kuba/Programy/Ac6/SystemWorkbench/plugins/fr.ac6.mcu.externaltools.arm-none.linux64_1.15.0.201708311556/tools/compiler/bin/../lib/gcc/arm-none-eabi/6.3.1/../../../../arm-none-eabi/lib/thumb/v7e-m/fpv4-sp/hard/libc_nano.a(lib_a-sprintf.o)
                0x0000000008005fdc                sprintf
                0x0000000008005fdc                siprintf
 .text.quorem   0x0000000008006024      0x118 /home/kuba/Programy/Ac6/SystemWorkbench/plugins/fr.ac6.mcu.externaltools.arm-none.linux64_1.15.0.201708311556/tools/compiler/bin/../lib/gcc/arm-none-eabi/6.3.1/../../../../arm-none-eabi/lib/thumb/v7e-m/fpv4-sp/hard/libc_nano.a(lib_a-dtoa.o)
 *fill*         0x000000000800613c        0x4 
 .text._dtoa_r  0x0000000008006140      0xb9c /home/kuba/Programy/Ac6/SystemWorkbench/plugins/fr.ac6.mcu.externaltools.arm-none.linux64_1.15.0.201708311556/tools/compiler/bin/../lib/gcc/arm-none-eabi/6.3.1/../../../../arm-none-eabi/lib/thumb/v7e-m/fpv4-sp/hard/libc_nano.a(lib_a-dtoa.o)
                0x0000000008006140                _dtoa_r
 .text._localeconv_r
                0x0000000008006cdc       0x1c /home/kuba/Programy/Ac6/SystemWorkbench/plugins/fr.ac6.mcu.externaltools.arm-none.linux64_1.15.0.201708311556/tools/compiler/bin/../lib/gcc/arm-none-eabi/6.3.1/../../../../arm-none-eabi/lib/thumb/v7e-m/fpv4-sp/hard/libc_nano.a(lib_a-localeconv.o)
                0x0000000008006cdc                _localeconv_r
 .text.__malloc_lock
                0x0000000008006cf8        0x2 /home/kuba/Programy/Ac6/SystemWorkbench/plugins/fr.ac6.mcu.externaltools.arm-none.linux64_1.15.0.201708311556/tools/compiler/bin/../lib/gcc/arm-none-eabi/6.3.1/../../../../arm-none-eabi/lib/thumb/v7e-m/fpv4-sp/hard/libc_nano.a(lib_a-mlock.o)
                0x0000000008006cf8                __malloc_lock
 .text.__malloc_unlock
                0x0000000008006cfa        0x2 /home/kuba/Programy/Ac6/SystemWorkbench/plugins/fr.ac6.mcu.externaltools.arm-none.linux64_1.15.0.201708311556/tools/compiler/bin/../lib/gcc/arm-none-eabi/6.3.1/../../../../arm-none-eabi/lib/thumb/v7e-m/fpv4-sp/hard/libc_nano.a(lib_a-mlock.o)
                0x0000000008006cfa                __malloc_unlock
 .text._Balloc  0x0000000008006cfc       0x68 /home/kuba/Programy/Ac6/SystemWorkbench/plugins/fr.ac6.mcu.externaltools.arm-none.linux64_1.15.0.201708311556/tools/compiler/bin/../lib/gcc/arm-none-eabi/6.3.1/../../../../arm-none-eabi/lib/thumb/v7e-m/fpv4-sp/hard/libc_nano.a(lib_a-mprec.o)
                0x0000000008006cfc                _Balloc
 .text._Bfree   0x0000000008006d64       0x2e /home/kuba/Programy/Ac6/SystemWorkbench/plugins/fr.ac6.mcu.externaltools.arm-none.linux64_1.15.0.201708311556/tools/compiler/bin/../lib/gcc/arm-none-eabi/6.3.1/../../../../arm-none-eabi/lib/thumb/v7e-m/fpv4-sp/hard/libc_nano.a(lib_a-mprec.o)
                0x0000000008006d64                _Bfree
 .text.__multadd
                0x0000000008006d92       0x76 /home/kuba/Programy/Ac6/SystemWorkbench/plugins/fr.ac6.mcu.externaltools.arm-none.linux64_1.15.0.201708311556/tools/compiler/bin/../lib/gcc/arm-none-eabi/6.3.1/../../../../arm-none-eabi/lib/thumb/v7e-m/fpv4-sp/hard/libc_nano.a(lib_a-mprec.o)
                0x0000000008006d92                __multadd
 .text.__hi0bits
                0x0000000008006e08       0x3e /home/kuba/Programy/Ac6/SystemWorkbench/plugins/fr.ac6.mcu.externaltools.arm-none.linux64_1.15.0.201708311556/tools/compiler/bin/../lib/gcc/arm-none-eabi/6.3.1/../../../../arm-none-eabi/lib/thumb/v7e-m/fpv4-sp/hard/libc_nano.a(lib_a-mprec.o)
                0x0000000008006e08                __hi0bits
 .text.__lo0bits
                0x0000000008006e46       0x5e /home/kuba/Programy/Ac6/SystemWorkbench/plugins/fr.ac6.mcu.externaltools.arm-none.linux64_1.15.0.201708311556/tools/compiler/bin/../lib/gcc/arm-none-eabi/6.3.1/../../../../arm-none-eabi/lib/thumb/v7e-m/fpv4-sp/hard/libc_nano.a(lib_a-mprec.o)
                0x0000000008006e46                __lo0bits
 .text.__i2b    0x0000000008006ea4       0x12 /home/kuba/Programy/Ac6/SystemWorkbench/plugins/fr.ac6.mcu.externaltools.arm-none.linux64_1.15.0.201708311556/tools/compiler/bin/../lib/gcc/arm-none-eabi/6.3.1/../../../../arm-none-eabi/lib/thumb/v7e-m/fpv4-sp/hard/libc_nano.a(lib_a-mprec.o)
                0x0000000008006ea4                __i2b
 .text.__multiply
                0x0000000008006eb6      0x11a /home/kuba/Programy/Ac6/SystemWorkbench/plugins/fr.ac6.mcu.externaltools.arm-none.linux64_1.15.0.201708311556/tools/compiler/bin/../lib/gcc/arm-none-eabi/6.3.1/../../../../arm-none-eabi/lib/thumb/v7e-m/fpv4-sp/hard/libc_nano.a(lib_a-mprec.o)
                0x0000000008006eb6                __multiply
 .text.__pow5mult
                0x0000000008006fd0       0x9c /home/kuba/Programy/Ac6/SystemWorkbench/plugins/fr.ac6.mcu.externaltools.arm-none.linux64_1.15.0.201708311556/tools/compiler/bin/../lib/gcc/arm-none-eabi/6.3.1/../../../../arm-none-eabi/lib/thumb/v7e-m/fpv4-sp/hard/libc_nano.a(lib_a-mprec.o)
                0x0000000008006fd0                __pow5mult
 .text.__lshift
                0x000000000800706c       0xa2 /home/kuba/Programy/Ac6/SystemWorkbench/plugins/fr.ac6.mcu.externaltools.arm-none.linux64_1.15.0.201708311556/tools/compiler/bin/../lib/gcc/arm-none-eabi/6.3.1/../../../../arm-none-eabi/lib/thumb/v7e-m/fpv4-sp/hard/libc_nano.a(lib_a-mprec.o)
                0x000000000800706c                __lshift
 .text.__mcmp   0x000000000800710e       0x34 /home/kuba/Programy/Ac6/SystemWorkbench/plugins/fr.ac6.mcu.externaltools.arm-none.linux64_1.15.0.201708311556/tools/compiler/bin/../lib/gcc/arm-none-eabi/6.3.1/../../../../arm-none-eabi/lib/thumb/v7e-m/fpv4-sp/hard/libc_nano.a(lib_a-mprec.o)
                0x000000000800710e                __mcmp
 .text.__mdiff  0x0000000008007142       0xbc /home/kuba/Programy/Ac6/SystemWorkbench/plugins/fr.ac6.mcu.externaltools.arm-none.linux64_1.15.0.201708311556/tools/compiler/bin/../lib/gcc/arm-none-eabi/6.3.1/../../../../arm-none-eabi/lib/thumb/v7e-m/fpv4-sp/hard/libc_nano.a(lib_a-mprec.o)
                0x0000000008007142                __mdiff
 .text.__d2b    0x00000000080071fe       0x9e /home/kuba/Programy/Ac6/SystemWorkbench/plugins/fr.ac6.mcu.externaltools.arm-none.linux64_1.15.0.201708311556/tools/compiler/bin/../lib/gcc/arm-none-eabi/6.3.1/../../../../arm-none-eabi/lib/thumb/v7e-m/fpv4-sp/hard/libc_nano.a(lib_a-mprec.o)
                0x00000000080071fe                __d2b
 .text._calloc_r
                0x000000000800729c       0x1c /home/kuba/Programy/Ac6/SystemWorkbench/plugins/fr.ac6.mcu.externaltools.arm-none.linux64_1.15.0.201708311556/tools/compiler/bin/../lib/gcc/arm-none-eabi/6.3.1/../../../../arm-none-eabi/lib/thumb/v7e-m/fpv4-sp/hard/libc_nano.a(lib_a-nano-callocr.o)
                0x000000000800729c                _calloc_r
 .text.__ssputs_r
                0x00000000080072b8       0xb6 /home/kuba/Programy/Ac6/SystemWorkbench/plugins/fr.ac6.mcu.externaltools.arm-none.linux64_1.15.0.201708311556/tools/compiler/bin/../lib/gcc/arm-none-eabi/6.3.1/../../../../arm-none-eabi/lib/thumb/v7e-m/fpv4-sp/hard/libc_nano.a(lib_a-nano-svfprintf.o)
                0x00000000080072b8                __ssputs_r
 *fill*         0x000000000800736e        0x2 
 .text._svfprintf_r
                0x0000000008007370      0x1e8 /home/kuba/Programy/Ac6/SystemWorkbench/plugins/fr.ac6.mcu.externaltools.arm-none.linux64_1.15.0.201708311556/tools/compiler/bin/../lib/gcc/arm-none-eabi/6.3.1/../../../../arm-none-eabi/lib/thumb/v7e-m/fpv4-sp/hard/libc_nano.a(lib_a-nano-svfprintf.o)
                0x0000000008007370                _svfprintf_r
                0x0000000008007370                _svfiprintf_r
 .text.__ascii_mbtowc
                0x0000000008007558       0x24 /home/kuba/Programy/Ac6/SystemWorkbench/plugins/fr.ac6.mcu.externaltools.arm-none.linux64_1.15.0.201708311556/tools/compiler/bin/../lib/gcc/arm-none-eabi/6.3.1/../../../../arm-none-eabi/lib/thumb/v7e-m/fpv4-sp/hard/libc_nano.a(lib_a-mbtowc_r.o)
                0x0000000008007558                __ascii_mbtowc
 .text.memmove  0x000000000800757c       0x34 /home/kuba/Programy/Ac6/SystemWorkbench/plugins/fr.ac6.mcu.externaltools.arm-none.linux64_1.15.0.201708311556/tools/compiler/bin/../lib/gcc/arm-none-eabi/6.3.1/../../../../arm-none-eabi/lib/thumb/v7e-m/fpv4-sp/hard/libc_nano.a(lib_a-memmove.o)
                0x000000000800757c                memmove
 .text._realloc_r
                0x00000000080075b0       0x4c /home/kuba/Programy/Ac6/SystemWorkbench/plugins/fr.ac6.mcu.externaltools.arm-none.linux64_1.15.0.201708311556/tools/compiler/bin/../lib/gcc/arm-none-eabi/6.3.1/../../../../arm-none-eabi/lib/thumb/v7e-m/fpv4-sp/hard/libc_nano.a(lib_a-nano-reallocr.o)
                0x00000000080075b0                _realloc_r
 .text.__ascii_wctomb
                0x00000000080075fc       0x1a /home/kuba/Programy/Ac6/SystemWorkbench/plugins/fr.ac6.mcu.externaltools.arm-none.linux64_1.15.0.201708311556/tools/compiler/bin/../lib/gcc/arm-none-eabi/6.3.1/../../../../arm-none-eabi/lib/thumb/v7e-m/fpv4-sp/hard/libc_nano.a(lib_a-wctomb_r.o)
                0x00000000080075fc                __ascii_wctomb
 .text._malloc_usable_size_r
                0x0000000008007616       0x12 /home/kuba/Programy/Ac6/SystemWorkbench/plugins/fr.ac6.mcu.externaltools.arm-none.linux64_1.15.0.201708311556/tools/compiler/bin/../lib/gcc/arm-none-eabi/6.3.1/../../../../arm-none-eabi/lib/thumb/v7e-m/fpv4-sp/hard/libc_nano.a(lib_a-nano-msizer.o)
                0x0000000008007616                _malloc_usable_size_r
 .text._sbrk    0x0000000008007628       0x1c /home/kuba/Programy/Ac6/SystemWorkbench/plugins/fr.ac6.mcu.externaltools.arm-none.linux64_1.15.0.201708311556/tools/compiler/bin/../lib/gcc/arm-none-eabi/6.3.1/../../../../arm-none-eabi/lib/thumb/v7e-m/fpv4-sp/hard/libnosys.a(sbrk.o)
                0x0000000008007628                _sbrk
 *(.glue_7)
 .glue_7        0x0000000008007644        0x0 linker stubs
 *(.glue_7t)
 .glue_7t       0x0000000008007644        0x0 linker stubs
 *(.eh_frame)
 .eh_frame      0x0000000008007644        0x0 /home/kuba/Programy/Ac6/SystemWorkbench/plugins/fr.ac6.mcu.externaltools.arm-none.linux64_1.15.0.201708311556/tools/compiler/bin/../lib/gcc/arm-none-eabi/6.3.1/thumb/v7e-m/fpv4-sp/hard/crtbegin.o
 *(.init)
 .init          0x0000000008007644        0x4 /home/kuba/Programy/Ac6/SystemWorkbench/plugins/fr.ac6.mcu.externaltools.arm-none.linux64_1.15.0.201708311556/tools/compiler/bin/../lib/gcc/arm-none-eabi/6.3.1/thumb/v7e-m/fpv4-sp/hard/crti.o
                0x0000000008007644                _init
 .init          0x0000000008007648        0x8 /home/kuba/Programy/Ac6/SystemWorkbench/plugins/fr.ac6.mcu.externaltools.arm-none.linux64_1.15.0.201708311556/tools/compiler/bin/../lib/gcc/arm-none-eabi/6.3.1/thumb/v7e-m/fpv4-sp/hard/crtn.o
 *(.fini)
 .fini          0x0000000008007650        0x4 /home/kuba/Programy/Ac6/SystemWorkbench/plugins/fr.ac6.mcu.externaltools.arm-none.linux64_1.15.0.201708311556/tools/compiler/bin/../lib/gcc/arm-none-eabi/6.3.1/thumb/v7e-m/fpv4-sp/hard/crti.o
                0x0000000008007650                _fini
 .fini          0x0000000008007654        0x8 /home/kuba/Programy/Ac6/SystemWorkbench/plugins/fr.ac6.mcu.externaltools.arm-none.linux64_1.15.0.201708311556/tools/compiler/bin/../lib/gcc/arm-none-eabi/6.3.1/thumb/v7e-m/fpv4-sp/hard/crtn.o
                0x000000000800765c                . = ALIGN (0x4)
                0x000000000800765c                _etext = .

.vfp11_veneer   0x000000000800765c        0x0
 .vfp11_veneer  0x000000000800765c        0x0 linker stubs

.v4_bx          0x000000000800765c        0x0
 .v4_bx         0x000000000800765c        0x0 linker stubs

.iplt           0x000000000800765c        0x0
 .iplt          0x000000000800765c        0x0 /home/kuba/Programy/Ac6/SystemWorkbench/plugins/fr.ac6.mcu.externaltools.arm-none.linux64_1.15.0.201708311556/tools/compiler/bin/../lib/gcc/arm-none-eabi/6.3.1/thumb/v7e-m/fpv4-sp/hard/crtbegin.o

.rodata         0x0000000008007660      0x448
                0x0000000008007660                . = ALIGN (0x4)
 *(.rodata)
 .rodata        0x0000000008007660       0x18 Drivers/CMSIS/system_stm32f4xx.o
                0x0000000008007660                AHBPrescTable
                0x0000000008007670                APBPrescTable
 .rodata        0x0000000008007678       0x18 Src/dtw_classifier.o
 *(.rodata*)
 .rodata.str1.4
                0x0000000008007690       0x84 Application/User/main.o
 .rodata.str1.4
                0x0000000008007714       0x1b Src/ahrs.o
 *fill*         0x000000000800772f        0x1 
 .rodata.str1.4
                0x0000000008007730       0x2d Src/dtw_classifier.o
 *fill*         0x000000000800775d        0x3 
 .rodata.str1.4
                0x0000000008007760       0x31 Src/imu_sensor.o
 *fill*         0x0000000008007791        0x7 
 .rodata.atanhi
                0x0000000008007798       0x20 /home/kuba/Programy/Ac6/SystemWorkbench/plugins/fr.ac6.mcu.externaltools.arm-none.linux64_1.15.0.201708311556/tools/compiler/bin/../lib/gcc/arm-none-eabi/6.3.1/../../../../arm-none-eabi/lib/thumb/v7e-m/fpv4-sp/hard/libm.a(lib_a-s_atan.o)
 .rodata.atanlo
                0x00000000080077b8       0x20 /home/kuba/Programy/Ac6/SystemWorkbench/plugins/fr.ac6.mcu.externaltools.arm-none.linux64_1.15.0.201708311556/tools/compiler/bin/../lib/gcc/arm-none-eabi/6.3.1/../../../../arm-none-eabi/lib/thumb/v7e-m/fpv4-sp/hard/libm.a(lib_a-s_atan.o)
 .rodata.asin.str1.4
                0x00000000080077d8        0x5 /home/kuba/Programy/Ac6/SystemWorkbench/plugins/fr.ac6.mcu.externaltools.arm-none.linux64_1.15.0.201708311556/tools/compiler/bin/../lib/gcc/arm-none-eabi/6.3.1/../../../../arm-none-eabi/lib/thumb/v7e-m/fpv4-sp/hard/libm.a(lib_a-w_asin.o)
                                          0x9 (size before relaxing)
 *fill*         0x00000000080077dd        0x3 
 .rodata.sqrt.str1.4
                0x00000000080077e0        0x8 /home/kuba/Programy/Ac6/SystemWorkbench/plugins/fr.ac6.mcu.externaltools.arm-none.linux64_1.15.0.201708311556/tools/compiler/bin/../lib/gcc/arm-none-eabi/6.3.1/../../../../arm-none-eabi/lib/thumb/v7e-m/fpv4-sp/hard/libm.a(lib_a-w_sqrt.o)
                                          0x5 (size before relaxing)
 .rodata._printf_float.str1.1
                0x00000000080077e8       0x12 /home/kuba/Programy/Ac6/SystemWorkbench/plugins/fr.ac6.mcu.externaltools.arm-none.linux64_1.15.0.201708311556/tools/compiler/bin/../lib/gcc/arm-none-eabi/6.3.1/../../../../arm-none-eabi/lib/thumb/v7e-m/fpv4-sp/hard/libc_nano.a(lib_a-nano-vfprintf_float.o)
 .rodata._printf_i.str1.1
                0x00000000080077fa       0x22 /home/kuba/Programy/Ac6/SystemWorkbench/plugins/fr.ac6.mcu.externaltools.arm-none.linux64_1.15.0.201708311556/tools/compiler/bin/../lib/gcc/arm-none-eabi/6.3.1/../../../../arm-none-eabi/lib/thumb/v7e-m/fpv4-sp/hard/libc_nano.a(lib_a-nano-vfprintf_i.o)
 .rodata._dtoa_r.str1.1
                0x000000000800781c        0xd /home/kuba/Programy/Ac6/SystemWorkbench/plugins/fr.ac6.mcu.externaltools.arm-none.linux64_1.15.0.201708311556/tools/compiler/bin/../lib/gcc/arm-none-eabi/6.3.1/../../../../arm-none-eabi/lib/thumb/v7e-m/fpv4-sp/hard/libc_nano.a(lib_a-dtoa.o)
                                          0xf (size before relaxing)
 *fill*         0x0000000008007829        0x3 
 .rodata.__sf_fake_stderr
                0x000000000800782c       0x20 /home/kuba/Programy/Ac6/SystemWorkbench/plugins/fr.ac6.mcu.externaltools.arm-none.linux64_1.15.0.201708311556/tools/compiler/bin/../lib/gcc/arm-none-eabi/6.3.1/../../../../arm-none-eabi/lib/thumb/v7e-m/fpv4-sp/hard/libc_nano.a(lib_a-findfp.o)
                0x000000000800782c                __sf_fake_stderr
 .rodata.__sf_fake_stdin
                0x000000000800784c       0x20 /home/kuba/Programy/Ac6/SystemWorkbench/plugins/fr.ac6.mcu.externaltools.arm-none.linux64_1.15.0.201708311556/tools/compiler/bin/../lib/gcc/arm-none-eabi/6.3.1/../../../../arm-none-eabi/lib/thumb/v7e-m/fpv4-sp/hard/libc_nano.a(lib_a-findfp.o)
                0x000000000800784c                __sf_fake_stdin
 .rodata.__sf_fake_stdout
                0x000000000800786c       0x20 /home/kuba/Programy/Ac6/SystemWorkbench/plugins/fr.ac6.mcu.externaltools.arm-none.linux64_1.15.0.201708311556/tools/compiler/bin/../lib/gcc/arm-none-eabi/6.3.1/../../../../arm-none-eabi/lib/thumb/v7e-m/fpv4-sp/hard/libc_nano.a(lib_a-findfp.o)
                0x000000000800786c                __sf_fake_stdout
 *fill*         0x000000000800788c        0x4 
 .rodata.__mprec_bigtens
                0x0000000008007890       0x28 /home/kuba/Programy/Ac6/SystemWorkbench/plugins/fr.ac6.mcu.externaltools.arm-none.linux64_1.15.0.201708311556/tools/compiler/bin/../lib/gcc/arm-none-eabi/6.3.1/../../../../arm-none-eabi/lib/thumb/v7e-m/fpv4-sp/hard/libc_nano.a(lib_a-mprec.o)
                0x0000000008007890                __mprec_bigtens
 .rodata.__mprec_tens
                0x00000000080078b8       0xc8 /home/kuba/Programy/Ac6/SystemWorkbench/plugins/fr.ac6.mcu.externaltools.arm-none.linux64_1.15.0.201708311556/tools/compiler/bin/../lib/gcc/arm-none-eabi/6.3.1/../../../../arm-none-eabi/lib/thumb/v7e-m/fpv4-sp/hard/libc_nano.a(lib_a-mprec.o)
                0x00000000080078b8                __mprec_tens
 .rodata.p05.7170
                0x0000000008007980        0xc /home/kuba/Programy/Ac6/SystemWorkbench/plugins/fr.ac6.mcu.externaltools.arm-none.linux64_1.15.0.201708311556/tools/compiler/bin/../lib/gcc/arm-none-eabi/6.3.1/../../../../arm-none-eabi/lib/thumb/v7e-m/fpv4-sp/hard/libc_nano.a(lib_a-mprec.o)
 .rodata._svfprintf_r.str1.1
                0x000000000800798c       0x11 /home/kuba/Programy/Ac6/SystemWorkbench/plugins/fr.ac6.mcu.externaltools.arm-none.linux64_1.15.0.201708311556/tools/compiler/bin/../lib/gcc/arm-none-eabi/6.3.1/../../../../arm-none-eabi/lib/thumb/v7e-m/fpv4-sp/hard/libc_nano.a(lib_a-nano-svfprintf.o)
 .rodata._setlocale_r.str1.1
                0x000000000800799d        0x8 /home/kuba/Programy/Ac6/SystemWorkbench/plugins/fr.ac6.mcu.externaltools.arm-none.linux64_1.15.0.201708311556/tools/compiler/bin/../lib/gcc/arm-none-eabi/6.3.1/../../../../arm-none-eabi/lib/thumb/v7e-m/fpv4-sp/hard/libc_nano.a(lib_a-locale.o)
                                          0x9 (size before relaxing)
 .rodata.str1.1
                0x00000000080079a5        0x2 /home/kuba/Programy/Ac6/SystemWorkbench/plugins/fr.ac6.mcu.externaltools.arm-none.linux64_1.15.0.201708311556/tools/compiler/bin/../lib/gcc/arm-none-eabi/6.3.1/../../../../arm-none-eabi/lib/thumb/v7e-m/fpv4-sp/hard/libc_nano.a(lib_a-locale.o)
 .rodata._ctype_
                0x00000000080079a7      0x101 /home/kuba/Programy/Ac6/SystemWorkbench/plugins/fr.ac6.mcu.externaltools.arm-none.linux64_1.15.0.201708311556/tools/compiler/bin/../lib/gcc/arm-none-eabi/6.3.1/../../../../arm-none-eabi/lib/thumb/v7e-m/fpv4-sp/hard/libc_nano.a(lib_a-ctype_.o)
                0x00000000080079a7                _ctype_
                0x0000000008007aa8                . = ALIGN (0x4)

.rel.dyn        0x0000000008007aa8        0x0
 .rel.iplt      0x0000000008007aa8        0x0 /home/kuba/Programy/Ac6/SystemWorkbench/plugins/fr.ac6.mcu.externaltools.arm-none.linux64_1.15.0.201708311556/tools/compiler/bin/../lib/gcc/arm-none-eabi/6.3.1/thumb/v7e-m/fpv4-sp/hard/crtbegin.o

.ARM.extab
 *(.ARM.extab* .gnu.linkonce.armextab.*)

.ARM            0x0000000008007aa8        0x0
                0x0000000008007aa8                __exidx_start = .
 *(.ARM.exidx*)
                0x0000000008007aa8                __exidx_end = .

.preinit_array  0x0000000008007aa8        0x0
                0x0000000008007aa8                PROVIDE (__preinit_array_start, .)
 *(.preinit_array*)
                0x0000000008007aa8                PROVIDE (__preinit_array_end, .)

.init_array     0x0000000008007aa8        0x4
                0x0000000008007aa8                PROVIDE (__init_array_start, .)
 *(SORT(.init_array.*))
 *(.init_array*)
 .init_array    0x0000000008007aa8        0x4 /home/kuba/Programy/Ac6/SystemWorkbench/plugins/fr.ac6.mcu.externaltools.arm-none.linux64_1.15.0.201708311556/tools/compiler/bin/../lib/gcc/arm-none-eabi/6.3.1/thumb/v7e-m/fpv4-sp/hard/crtbegin.o
                0x0000000008007aac                PROVIDE (__init_array_end, .)

.fini_array     0x0000000008007aac        0x4
                [!provide]                        PROVIDE (__fini_array_start, .)
 *(SORT(.fini_array.*))
 *(.fini_array*)
 .fini_array    0x0000000008007aac        0x4 /home/kuba/Programy/Ac6/SystemWorkbench/plugins/fr.ac6.mcu.externaltools.arm-none.linux64_1.15.0.201708311556/tools/compiler/bin/../lib/gcc/arm-none-eabi/6.3.1/thumb/v7e-m/fpv4-sp/hard/crtbegin.o
                [!provide]                        PROVIDE (__fini_array_end, .)
                0x0000000008007ab0                _sidata = LOADADDR (.data)

.data           0x0000000020000000      0x364 load address 0x0000000008007ab0
                0x0000000020000000                . = ALIGN (0x4)
                0x0000000020000000                _sdata = .
 *(.data)
 .data          0x0000000020000000        0x4 Drivers/CMSIS/system_stm32f4xx.o
                0x0000000020000000                SystemCoreClock
 .data          0x0000000020000004       0xfc TM/tm_stm32_i2c.o
 .data          0x0000000020000100       0x90 TM/tm_stm32_usart.o
                0x0000000020000100                TM_USART1
                0x0000000020000118                TM_USART2
                0x0000000020000130                TM_USART3
                0x0000000020000148                TM_UART4
                0x0000000020000160                TM_UART5
                0x0000000020000178                TM_USART6
 *(.data*)
 .data.__fdlib_version
                0x0000000020000190        0x1 /home/kuba/Programy/Ac6/SystemWorkbench/plugins/fr.ac6.mcu.externaltools.arm-none.linux64_1.15.0.201708311556/tools/compiler/bin/../lib/gcc/arm-none-eabi/6.3.1/../../../../arm-none-eabi/lib/thumb/v7e-m/fpv4-sp/hard/libm.a(lib_a-s_lib_ver.o)
                0x0000000020000190                __fdlib_version
 *fill*         0x0000000020000191        0x3 
 .data._impure_ptr
                0x0000000020000194        0x4 /home/kuba/Programy/Ac6/SystemWorkbench/plugins/fr.ac6.mcu.externaltools.arm-none.linux64_1.15.0.201708311556/tools/compiler/bin/../lib/gcc/arm-none-eabi/6.3.1/../../../../arm-none-eabi/lib/thumb/v7e-m/fpv4-sp/hard/libc_nano.a(lib_a-impure.o)
                0x0000000020000194                _impure_ptr
 .data.impure_data
                0x0000000020000198       0x60 /home/kuba/Programy/Ac6/SystemWorkbench/plugins/fr.ac6.mcu.externaltools.arm-none.linux64_1.15.0.201708311556/tools/compiler/bin/../lib/gcc/arm-none-eabi/6.3.1/../../../../arm-none-eabi/lib/thumb/v7e-m/fpv4-sp/hard/libc_nano.a(lib_a-impure.o)
 .data.__global_locale
                0x00000000200001f8      0x16c /home/kuba/Programy/Ac6/SystemWorkbench/plugins/fr.ac6.mcu.externaltools.arm-none.linux64_1.15.0.201708311556/tools/compiler/bin/../lib/gcc/arm-none-eabi/6.3.1/../../../../arm-none-eabi/lib/thumb/v7e-m/fpv4-sp/hard/libc_nano.a(lib_a-locale.o)
                0x00000000200001f8                __global_locale
                0x0000000020000364                . = ALIGN (0x4)
                0x0000000020000364                _edata = .
                0x0000000008007e14                _siccmram = LOADADDR (.ccmram)

.jcr            0x0000000020000364        0x0 load address 0x0000000008007e14
 .jcr           0x0000000020000364        0x0 /home/kuba/Programy/Ac6/SystemWorkbench/plugins/fr.ac6.mcu.externaltools.arm-none.linux64_1.15.0.201708311556/tools/compiler/bin/../lib/gcc/arm-none-eabi/6.3.1/thumb/v7e-m/fpv4-sp/hard/crtbegin.o

.igot.plt       0x0000000020000364        0x0 load address 0x0000000008007e14
 .igot.plt      0x0000000020000364        0x0 /home/kuba/Programy/Ac6/SystemWorkbench/plugins/fr.ac6.mcu.externaltools.arm-none.linux64_1.15.0.201708311556/tools/compiler/bin/../lib/gcc/arm-none-eabi/6.3.1/thumb/v7e-m/fpv4-sp/hard/crtbegin.o

.ccmram         0x0000000010000000        0x0 load address 0x0000000008007e14
                0x0000000010000000                . = ALIGN (0x4)
                0x0000000010000000                _sccmram = .
 *(.ccmram)
 *(.ccmram*)
                0x0000000010000000                . = ALIGN (0x4)
                0x0000000010000000                _eccmram = .
                0x0000000010000000                . = ALIGN (0x4)

.bss            0x0000000020000364      0x20c
                0x0000000020000364                _sbss = .
                0x0000000020000364                __bss_start__ = _sbss
 *(.bss)
 .bss           0x0000000020000364       0x1c /home/kuba/Programy/Ac6/SystemWorkbench/plugins/fr.ac6.mcu.externaltools.arm-none.linux64_1.15.0.201708311556/tools/compiler/bin/../lib/gcc/arm-none-eabi/6.3.1/thumb/v7e-m/fpv4-sp/hard/crtbegin.o
 .bss           0x0000000020000380       0x20 TM/tm_stm32_delay.o
                0x0000000020000398                TM_Time
                0x000000002000039c                TM_Time2
 .bss           0x00000000200003a0       0x1a TM/tm_stm32_gpio.o
 *(.bss*)
 *fill*         0x00000000200003ba        0x2 
 .bss.__malloc_free_list
                0x00000000200003bc        0x4 /home/kuba/Programy/Ac6/SystemWorkbench/plugins/fr.ac6.mcu.externaltools.arm-none.linux64_1.15.0.201708311556/tools/compiler/bin/../lib/gcc/arm-none-eabi/6.3.1/../../../../arm-none-eabi/lib/thumb/v7e-m/fpv4-sp/hard/libc_nano.a(lib_a-nano-mallocr.o)
                0x00000000200003bc                __malloc_free_list
 .bss.__malloc_sbrk_start
                0x00000000200003c0        0x4 /home/kuba/Programy/Ac6/SystemWorkbench/plugins/fr.ac6.mcu.externaltools.arm-none.linux64_1.15.0.201708311556/tools/compiler/bin/../lib/gcc/arm-none-eabi/6.3.1/../../../../arm-none-eabi/lib/thumb/v7e-m/fpv4-sp/hard/libc_nano.a(lib_a-nano-mallocr.o)
                0x00000000200003c0                __malloc_sbrk_start
 .bss.heap_end.5239
                0x00000000200003c4        0x4 /home/kuba/Programy/Ac6/SystemWorkbench/plugins/fr.ac6.mcu.externaltools.arm-none.linux64_1.15.0.201708311556/tools/compiler/bin/../lib/gcc/arm-none-eabi/6.3.1/../../../../arm-none-eabi/lib/thumb/v7e-m/fpv4-sp/hard/libnosys.a(sbrk.o)
 *(COMMON)
 COMMON         0x00000000200003c8       0xe4 Application/User/main.o
                0x00000000200003c8                imu
                0x00000000200003cc                hi2c1
                0x0000000020000420                huart6
                0x0000000020000460                imu_instance
 COMMON         0x00000000200004ac       0xc0 TM/tm_stm32_usart.o
                0x00000000200004ac                UART5_Buffer
                0x00000000200004cc                USART6_Buffer
                0x00000000200004ec                USART2_Buffer
                0x000000002000050c                USART1_Buffer
                0x000000002000052c                USART3_Buffer
                0x000000002000054c                UART4_Buffer
 COMMON         0x000000002000056c        0x4 /home/kuba/Programy/Ac6/SystemWorkbench/plugins/fr.ac6.mcu.externaltools.arm-none.linux64_1.15.0.201708311556/tools/compiler/bin/../lib/gcc/arm-none-eabi/6.3.1/../../../../arm-none-eabi/lib/thumb/v7e-m/fpv4-sp/hard/libc_nano.a(lib_a-reent.o)
                0x000000002000056c                errno
                0x0000000020000570                . = ALIGN (0x4)
                0x0000000020000570                _ebss = .
                0x0000000020000570                __bss_end__ = _ebss

._user_heap_stack
                0x0000000020000570      0x600
                0x0000000020000570                . = ALIGN (0x8)
                0x0000000020000570                PROVIDE (end, .)
                [!provide]                        PROVIDE (_end, .)
                0x0000000020000770                . = (. + _Min_Heap_Size)
 *fill*         0x0000000020000570      0x200 
                0x0000000020000b70                . = (. + _Min_Stack_Size)
 *fill*         0x0000000020000770      0x400 
                0x0000000020000b70                . = ALIGN (0x8)

/DISCARD/
 libc.a(*)
 libm.a(*)
 libgcc.a(*)

.ARM.attributes
                0x0000000000000000       0x30
 *(.ARM.attributes)
 .ARM.attributes
                0x0000000000000000       0x22 /home/kuba/Programy/Ac6/SystemWorkbench/plugins/fr.ac6.mcu.externaltools.arm-none.linux64_1.15.0.201708311556/tools/compiler/bin/../lib/gcc/arm-none-eabi/6.3.1/thumb/v7e-m/fpv4-sp/hard/crti.o
 .ARM.attributes
                0x0000000000000022       0x34 /home/kuba/Programy/Ac6/SystemWorkbench/plugins/fr.ac6.mcu.externaltools.arm-none.linux64_1.15.0.201708311556/tools/compiler/bin/../lib/gcc/arm-none-eabi/6.3.1/thumb/v7e-m/fpv4-sp/hard/crtbegin.o
 .ARM.attributes
                0x0000000000000056       0x21 Application/SW4STM32/startup_stm32f407xx.o
 .ARM.attributes
                0x0000000000000077       0x39 Application/User/main.o
 .ARM.attributes
                0x00000000000000b0       0x39 Application/User/stm32f4xx_hal_msp.o
 .ARM.attributes
                0x00000000000000e9       0x39 Application/User/stm32f4xx_it.o
 .ARM.attributes
                0x0000000000000122       0x39 Drivers/CMSIS/system_stm32f4xx.o
 .ARM.attributes
                0x000000000000015b       0x39 Drivers/STM32F4xx_HAL_Driver/stm32f4xx_hal.o
 .ARM.attributes
                0x0000000000000194       0x39 Drivers/STM32F4xx_HAL_Driver/stm32f4xx_hal_cortex.o
 .ARM.attributes
                0x00000000000001cd       0x39 Drivers/STM32F4xx_HAL_Driver/stm32f4xx_hal_gpio.o
 .ARM.attributes
                0x0000000000000206       0x39 Drivers/STM32F4xx_HAL_Driver/stm32f4xx_hal_i2c.o
 .ARM.attributes
                0x000000000000023f       0x39 Drivers/STM32F4xx_HAL_Driver/stm32f4xx_hal_rcc.o
 .ARM.attributes
                0x0000000000000278       0x39 Drivers/STM32F4xx_HAL_Driver/stm32f4xx_hal_uart.o
 .ARM.attributes
                0x00000000000002b1       0x39 Src/ahrs.o
 .ARM.attributes
                0x00000000000002ea       0x39 Src/dtw_classifier.o
 .ARM.attributes
                0x0000000000000323       0x39 Src/imu_sensor.o
 .ARM.attributes
                0x000000000000035c       0x39 TM/tm_stm32_ahrs_imu.o
 .ARM.attributes
                0x0000000000000395       0x39 TM/tm_stm32_buffer.o
 .ARM.attributes
                0x00000000000003ce       0x39 TM/tm_stm32_delay.o
 .ARM.attributes
                0x0000000000000407       0x39 TM/tm_stm32_disco.o
 .ARM.attributes
                0x0000000000000440       0x39 TM/tm_stm32_gpio.o
 .ARM.attributes
                0x0000000000000479       0x39 TM/tm_stm32_i2c.o
 .ARM.attributes
                0x00000000000004b2       0x39 TM/tm_stm32_mpu6050.o
 .ARM.attributes
                0x00000000000004eb       0x39 TM/tm_stm32_usart.o
 .ARM.attributes
                0x0000000000000524       0x34 /home/kuba/Programy/Ac6/SystemWorkbench/plugins/fr.ac6.mcu.externaltools.arm-none.linux64_1.15.0.201708311556/tools/compiler/bin/../lib/gcc/arm-none-eabi/6.3.1/../../../../arm-none-eabi/lib/thumb/v7e-m/fpv4-sp/hard/libm.a(lib_a-s_atan.o)
 .ARM.attributes
                0x0000000000000558       0x34 /home/kuba/Programy/Ac6/SystemWorkbench/plugins/fr.ac6.mcu.externaltools.arm-none.linux64_1.15.0.201708311556/tools/compiler/bin/../lib/gcc/arm-none-eabi/6.3.1/../../../../arm-none-eabi/lib/thumb/v7e-m/fpv4-sp/hard/libm.a(lib_a-s_fabs.o)
 .ARM.attributes
                0x000000000000058c       0x34 /home/kuba/Programy/Ac6/SystemWorkbench/plugins/fr.ac6.mcu.externaltools.arm-none.linux64_1.15.0.201708311556/tools/compiler/bin/../lib/gcc/arm-none-eabi/6.3.1/../../../../arm-none-eabi/lib/thumb/v7e-m/fpv4-sp/hard/libm.a(lib_a-w_asin.o)
 .ARM.attributes
                0x00000000000005c0       0x34 /home/kuba/Programy/Ac6/SystemWorkbench/plugins/fr.ac6.mcu.externaltools.arm-none.linux64_1.15.0.201708311556/tools/compiler/bin/../lib/gcc/arm-none-eabi/6.3.1/../../../../arm-none-eabi/lib/thumb/v7e-m/fpv4-sp/hard/libm.a(lib_a-w_atan2.o)
 .ARM.attributes
                0x00000000000005f4       0x34 /home/kuba/Programy/Ac6/SystemWorkbench/plugins/fr.ac6.mcu.externaltools.arm-none.linux64_1.15.0.201708311556/tools/compiler/bin/../lib/gcc/arm-none-eabi/6.3.1/../../../../arm-none-eabi/lib/thumb/v7e-m/fpv4-sp/hard/libm.a(lib_a-w_sqrt.o)
 .ARM.attributes
                0x0000000000000628       0x34 /home/kuba/Programy/Ac6/SystemWorkbench/plugins/fr.ac6.mcu.externaltools.arm-none.linux64_1.15.0.201708311556/tools/compiler/bin/../lib/gcc/arm-none-eabi/6.3.1/../../../../arm-none-eabi/lib/thumb/v7e-m/fpv4-sp/hard/libm.a(lib_a-e_asin.o)
 .ARM.attributes
                0x000000000000065c       0x34 /home/kuba/Programy/Ac6/SystemWorkbench/plugins/fr.ac6.mcu.externaltools.arm-none.linux64_1.15.0.201708311556/tools/compiler/bin/../lib/gcc/arm-none-eabi/6.3.1/../../../../arm-none-eabi/lib/thumb/v7e-m/fpv4-sp/hard/libm.a(lib_a-e_atan2.o)
 .ARM.attributes
                0x0000000000000690       0x34 /home/kuba/Programy/Ac6/SystemWorkbench/plugins/fr.ac6.mcu.externaltools.arm-none.linux64_1.15.0.201708311556/tools/compiler/bin/../lib/gcc/arm-none-eabi/6.3.1/../../../../arm-none-eabi/lib/thumb/v7e-m/fpv4-sp/hard/libm.a(lib_a-e_sqrt.o)
 .ARM.attributes
                0x00000000000006c4       0x34 /home/kuba/Programy/Ac6/SystemWorkbench/plugins/fr.ac6.mcu.externaltools.arm-none.linux64_1.15.0.201708311556/tools/compiler/bin/../lib/gcc/arm-none-eabi/6.3.1/../../../../arm-none-eabi/lib/thumb/v7e-m/fpv4-sp/hard/libm.a(lib_a-s_lib_ver.o)
 .ARM.attributes
                0x00000000000006f8       0x34 /home/kuba/Programy/Ac6/SystemWorkbench/plugins/fr.ac6.mcu.externaltools.arm-none.linux64_1.15.0.201708311556/tools/compiler/bin/../lib/gcc/arm-none-eabi/6.3.1/../../../../arm-none-eabi/lib/thumb/v7e-m/fpv4-sp/hard/libm.a(lib_a-s_matherr.o)
 .ARM.attributes
                0x000000000000072c       0x34 /home/kuba/Programy/Ac6/SystemWorkbench/plugins/fr.ac6.mcu.externaltools.arm-none.linux64_1.15.0.201708311556/tools/compiler/bin/../lib/gcc/arm-none-eabi/6.3.1/../../../../arm-none-eabi/lib/thumb/v7e-m/fpv4-sp/hard/libm.a(lib_a-s_nan.o)
 .ARM.attributes
                0x0000000000000760       0x22 /home/kuba/Programy/Ac6/SystemWorkbench/plugins/fr.ac6.mcu.externaltools.arm-none.linux64_1.15.0.201708311556/tools/compiler/bin/../lib/gcc/arm-none-eabi/6.3.1/thumb/v7e-m/fpv4-sp/hard/libgcc.a(_arm_addsubdf3.o)
 .ARM.attributes
                0x0000000000000782       0x22 /home/kuba/Programy/Ac6/SystemWorkbench/plugins/fr.ac6.mcu.externaltools.arm-none.linux64_1.15.0.201708311556/tools/compiler/bin/../lib/gcc/arm-none-eabi/6.3.1/thumb/v7e-m/fpv4-sp/hard/libgcc.a(_arm_muldivdf3.o)
 .ARM.attributes
                0x00000000000007a4       0x22 /home/kuba/Programy/Ac6/SystemWorkbench/plugins/fr.ac6.mcu.externaltools.arm-none.linux64_1.15.0.201708311556/tools/compiler/bin/../lib/gcc/arm-none-eabi/6.3.1/thumb/v7e-m/fpv4-sp/hard/libgcc.a(_arm_cmpdf2.o)
 .ARM.attributes
                0x00000000000007c6       0x22 /home/kuba/Programy/Ac6/SystemWorkbench/plugins/fr.ac6.mcu.externaltools.arm-none.linux64_1.15.0.201708311556/tools/compiler/bin/../lib/gcc/arm-none-eabi/6.3.1/thumb/v7e-m/fpv4-sp/hard/libgcc.a(_arm_unorddf2.o)
 .ARM.attributes
                0x00000000000007e8       0x22 /home/kuba/Programy/Ac6/SystemWorkbench/plugins/fr.ac6.mcu.externaltools.arm-none.linux64_1.15.0.201708311556/tools/compiler/bin/../lib/gcc/arm-none-eabi/6.3.1/thumb/v7e-m/fpv4-sp/hard/libgcc.a(_arm_truncdfsf2.o)
 .ARM.attributes
                0x000000000000080a       0x34 /home/kuba/Programy/Ac6/SystemWorkbench/plugins/fr.ac6.mcu.externaltools.arm-none.linux64_1.15.0.201708311556/tools/compiler/bin/../lib/gcc/arm-none-eabi/6.3.1/../../../../arm-none-eabi/lib/thumb/v7e-m/fpv4-sp/hard/libc_nano.a(lib_a-errno.o)
 .ARM.attributes
                0x000000000000083e       0x34 /home/kuba/Programy/Ac6/SystemWorkbench/plugins/fr.ac6.mcu.externaltools.arm-none.linux64_1.15.0.201708311556/tools/compiler/bin/../lib/gcc/arm-none-eabi/6.3.1/../../../../arm-none-eabi/lib/thumb/v7e-m/fpv4-sp/hard/libc_nano.a(lib_a-impure.o)
 .ARM.attributes
                0x0000000000000872       0x34 /home/kuba/Programy/Ac6/SystemWorkbench/plugins/fr.ac6.mcu.externaltools.arm-none.linux64_1.15.0.201708311556/tools/compiler/bin/../lib/gcc/arm-none-eabi/6.3.1/../../../../arm-none-eabi/lib/thumb/v7e-m/fpv4-sp/hard/libc_nano.a(lib_a-init.o)
 .ARM.attributes
                0x00000000000008a6       0x34 /home/kuba/Programy/Ac6/SystemWorkbench/plugins/fr.ac6.mcu.externaltools.arm-none.linux64_1.15.0.201708311556/tools/compiler/bin/../lib/gcc/arm-none-eabi/6.3.1/../../../../arm-none-eabi/lib/thumb/v7e-m/fpv4-sp/hard/libc_nano.a(lib_a-malloc.o)
 .ARM.attributes
                0x00000000000008da       0x34 /home/kuba/Programy/Ac6/SystemWorkbench/plugins/fr.ac6.mcu.externaltools.arm-none.linux64_1.15.0.201708311556/tools/compiler/bin/../lib/gcc/arm-none-eabi/6.3.1/../../../../arm-none-eabi/lib/thumb/v7e-m/fpv4-sp/hard/libc_nano.a(lib_a-memcpy-stub.o)
 .ARM.attributes
                0x000000000000090e       0x34 /home/kuba/Programy/Ac6/SystemWorkbench/plugins/fr.ac6.mcu.externaltools.arm-none.linux64_1.15.0.201708311556/tools/compiler/bin/../lib/gcc/arm-none-eabi/6.3.1/../../../../arm-none-eabi/lib/thumb/v7e-m/fpv4-sp/hard/libc_nano.a(lib_a-memset.o)
 .ARM.attributes
                0x0000000000000942       0x34 /home/kuba/Programy/Ac6/SystemWorkbench/plugins/fr.ac6.mcu.externaltools.arm-none.linux64_1.15.0.201708311556/tools/compiler/bin/../lib/gcc/arm-none-eabi/6.3.1/../../../../arm-none-eabi/lib/thumb/v7e-m/fpv4-sp/hard/libc_nano.a(lib_a-nano-freer.o)
 .ARM.attributes
                0x0000000000000976       0x34 /home/kuba/Programy/Ac6/SystemWorkbench/plugins/fr.ac6.mcu.externaltools.arm-none.linux64_1.15.0.201708311556/tools/compiler/bin/../lib/gcc/arm-none-eabi/6.3.1/../../../../arm-none-eabi/lib/thumb/v7e-m/fpv4-sp/hard/libc_nano.a(lib_a-nano-mallocr.o)
 .ARM.attributes
                0x00000000000009aa       0x34 /home/kuba/Programy/Ac6/SystemWorkbench/plugins/fr.ac6.mcu.externaltools.arm-none.linux64_1.15.0.201708311556/tools/compiler/bin/../lib/gcc/arm-none-eabi/6.3.1/../../../../arm-none-eabi/lib/thumb/v7e-m/fpv4-sp/hard/libc_nano.a(lib_a-nano-vfprintf_float.o)
 .ARM.attributes
                0x00000000000009de       0x34 /home/kuba/Programy/Ac6/SystemWorkbench/plugins/fr.ac6.mcu.externaltools.arm-none.linux64_1.15.0.201708311556/tools/compiler/bin/../lib/gcc/arm-none-eabi/6.3.1/../../../../arm-none-eabi/lib/thumb/v7e-m/fpv4-sp/hard/libc_nano.a(lib_a-nano-vfprintf_i.o)
 .ARM.attributes
                0x0000000000000a12       0x34 /home/kuba/Programy/Ac6/SystemWorkbench/plugins/fr.ac6.mcu.externaltools.arm-none.linux64_1.15.0.201708311556/tools/compiler/bin/../lib/gcc/arm-none-eabi/6.3.1/../../../../arm-none-eabi/lib/thumb/v7e-m/fpv4-sp/hard/libc_nano.a(lib_a-sbrkr.o)
 .ARM.attributes
                0x0000000000000a46       0x34 /home/kuba/Programy/Ac6/SystemWorkbench/plugins/fr.ac6.mcu.externaltools.arm-none.linux64_1.15.0.201708311556/tools/compiler/bin/../lib/gcc/arm-none-eabi/6.3.1/../../../../arm-none-eabi/lib/thumb/v7e-m/fpv4-sp/hard/libc_nano.a(lib_a-sprintf.o)
 .ARM.attributes
                0x0000000000000a7a       0x1b /home/kuba/Programy/Ac6/SystemWorkbench/plugins/fr.ac6.mcu.externaltools.arm-none.linux64_1.15.0.201708311556/tools/compiler/bin/../lib/gcc/arm-none-eabi/6.3.1/../../../../arm-none-eabi/lib/thumb/v7e-m/fpv4-sp/hard/libc_nano.a(lib_a-strlen.o)
 .ARM.attributes
                0x0000000000000a95       0x34 /home/kuba/Programy/Ac6/SystemWorkbench/plugins/fr.ac6.mcu.externaltools.arm-none.linux64_1.15.0.201708311556/tools/compiler/bin/../lib/gcc/arm-none-eabi/6.3.1/../../../../arm-none-eabi/lib/thumb/v7e-m/fpv4-sp/hard/libc_nano.a(lib_a-dtoa.o)
 .ARM.attributes
                0x0000000000000ac9       0x34 /home/kuba/Programy/Ac6/SystemWorkbench/plugins/fr.ac6.mcu.externaltools.arm-none.linux64_1.15.0.201708311556/tools/compiler/bin/../lib/gcc/arm-none-eabi/6.3.1/../../../../arm-none-eabi/lib/thumb/v7e-m/fpv4-sp/hard/libc_nano.a(lib_a-findfp.o)
 .ARM.attributes
                0x0000000000000afd       0x34 /home/kuba/Programy/Ac6/SystemWorkbench/plugins/fr.ac6.mcu.externaltools.arm-none.linux64_1.15.0.201708311556/tools/compiler/bin/../lib/gcc/arm-none-eabi/6.3.1/../../../../arm-none-eabi/lib/thumb/v7e-m/fpv4-sp/hard/libc_nano.a(lib_a-localeconv.o)
 .ARM.attributes
                0x0000000000000b31       0x20 /home/kuba/Programy/Ac6/SystemWorkbench/plugins/fr.ac6.mcu.externaltools.arm-none.linux64_1.15.0.201708311556/tools/compiler/bin/../lib/gcc/arm-none-eabi/6.3.1/../../../../arm-none-eabi/lib/thumb/v7e-m/fpv4-sp/hard/libc_nano.a(lib_a-memchr.o)
 .ARM.attributes
                0x0000000000000b51       0x34 /home/kuba/Programy/Ac6/SystemWorkbench/plugins/fr.ac6.mcu.externaltools.arm-none.linux64_1.15.0.201708311556/tools/compiler/bin/../lib/gcc/arm-none-eabi/6.3.1/../../../../arm-none-eabi/lib/thumb/v7e-m/fpv4-sp/hard/libc_nano.a(lib_a-mlock.o)
 .ARM.attributes
                0x0000000000000b85       0x34 /home/kuba/Programy/Ac6/SystemWorkbench/plugins/fr.ac6.mcu.externaltools.arm-none.linux64_1.15.0.201708311556/tools/compiler/bin/../lib/gcc/arm-none-eabi/6.3.1/../../../../arm-none-eabi/lib/thumb/v7e-m/fpv4-sp/hard/libc_nano.a(lib_a-mprec.o)
 .ARM.attributes
                0x0000000000000bb9       0x34 /home/kuba/Programy/Ac6/SystemWorkbench/plugins/fr.ac6.mcu.externaltools.arm-none.linux64_1.15.0.201708311556/tools/compiler/bin/../lib/gcc/arm-none-eabi/6.3.1/../../../../arm-none-eabi/lib/thumb/v7e-m/fpv4-sp/hard/libc_nano.a(lib_a-nano-callocr.o)
 .ARM.attributes
                0x0000000000000bed       0x34 /home/kuba/Programy/Ac6/SystemWorkbench/plugins/fr.ac6.mcu.externaltools.arm-none.linux64_1.15.0.201708311556/tools/compiler/bin/../lib/gcc/arm-none-eabi/6.3.1/../../../../arm-none-eabi/lib/thumb/v7e-m/fpv4-sp/hard/libc_nano.a(lib_a-nano-svfprintf.o)
 .ARM.attributes
                0x0000000000000c21       0x34 /home/kuba/Programy/Ac6/SystemWorkbench/plugins/fr.ac6.mcu.externaltools.arm-none.linux64_1.15.0.201708311556/tools/compiler/bin/../lib/gcc/arm-none-eabi/6.3.1/../../../../arm-none-eabi/lib/thumb/v7e-m/fpv4-sp/hard/libc_nano.a(lib_a-reent.o)
 .ARM.attributes
                0x0000000000000c55       0x34 /home/kuba/Programy/Ac6/SystemWorkbench/plugins/fr.ac6.mcu.externaltools.arm-none.linux64_1.15.0.201708311556/tools/compiler/bin/../lib/gcc/arm-none-eabi/6.3.1/../../../../arm-none-eabi/lib/thumb/v7e-m/fpv4-sp/hard/libc_nano.a(lib_a-locale.o)
 .ARM.attributes
                0x0000000000000c89       0x34 /home/kuba/Programy/Ac6/SystemWorkbench/plugins/fr.ac6.mcu.externaltools.arm-none.linux64_1.15.0.201708311556/tools/compiler/bin/../lib/gcc/arm-none-eabi/6.3.1/../../../../arm-none-eabi/lib/thumb/v7e-m/fpv4-sp/hard/libc_nano.a(lib_a-mbtowc_r.o)
 .ARM.attributes
                0x0000000000000cbd       0x34 /home/kuba/Programy/Ac6/SystemWorkbench/plugins/fr.ac6.mcu.externaltools.arm-none.linux64_1.15.0.201708311556/tools/compiler/bin/../lib/gcc/arm-none-eabi/6.3.1/../../../../arm-none-eabi/lib/thumb/v7e-m/fpv4-sp/hard/libc_nano.a(lib_a-memmove.o)
 .ARM.attributes
                0x0000000000000cf1       0x34 /home/kuba/Programy/Ac6/SystemWorkbench/plugins/fr.ac6.mcu.externaltools.arm-none.linux64_1.15.0.201708311556/tools/compiler/bin/../lib/gcc/arm-none-eabi/6.3.1/../../../../arm-none-eabi/lib/thumb/v7e-m/fpv4-sp/hard/libc_nano.a(lib_a-nano-reallocr.o)
 .ARM.attributes
                0x0000000000000d25       0x34 /home/kuba/Programy/Ac6/SystemWorkbench/plugins/fr.ac6.mcu.externaltools.arm-none.linux64_1.15.0.201708311556/tools/compiler/bin/../lib/gcc/arm-none-eabi/6.3.1/../../../../arm-none-eabi/lib/thumb/v7e-m/fpv4-sp/hard/libc_nano.a(lib_a-wctomb_r.o)
 .ARM.attributes
                0x0000000000000d59       0x34 /home/kuba/Programy/Ac6/SystemWorkbench/plugins/fr.ac6.mcu.externaltools.arm-none.linux64_1.15.0.201708311556/tools/compiler/bin/../lib/gcc/arm-none-eabi/6.3.1/../../../../arm-none-eabi/lib/thumb/v7e-m/fpv4-sp/hard/libc_nano.a(lib_a-ctype_.o)
 .ARM.attributes
                0x0000000000000d8d       0x34 /home/kuba/Programy/Ac6/SystemWorkbench/plugins/fr.ac6.mcu.externaltools.arm-none.linux64_1.15.0.201708311556/tools/compiler/bin/../lib/gcc/arm-none-eabi/6.3.1/../../../../arm-none-eabi/lib/thumb/v7e-m/fpv4-sp/hard/libc_nano.a(lib_a-nano-msizer.o)
 .ARM.attributes
                0x0000000000000dc1       0x22 /home/kuba/Programy/Ac6/SystemWorkbench/plugins/fr.ac6.mcu.externaltools.arm-none.linux64_1.15.0.201708311556/tools/compiler/bin/../lib/gcc/arm-none-eabi/6.3.1/thumb/v7e-m/fpv4-sp/hard/libgcc.a(_arm_fixdfsi.o)
 .ARM.attributes
                0x0000000000000de3       0x34 /home/kuba/Programy/Ac6/SystemWorkbench/plugins/fr.ac6.mcu.externaltools.arm-none.linux64_1.15.0.201708311556/tools/compiler/bin/../lib/gcc/arm-none-eabi/6.3.1/../../../../arm-none-eabi/lib/thumb/v7e-m/fpv4-sp/hard/libnosys.a(sbrk.o)
 .ARM.attributes
                0x0000000000000e17       0x22 /home/kuba/Programy/Ac6/SystemWorkbench/plugins/fr.ac6.mcu.externaltools.arm-none.linux64_1.15.0.201708311556/tools/compiler/bin/../lib/gcc/arm-none-eabi/6.3.1/thumb/v7e-m/fpv4-sp/hard/crtn.o
OUTPUT(firmware-stm32.elf elf32-littlearm)

.debug_line     0x0000000000000000     0xfa88
 .debug_line    0x0000000000000000       0xdc Application/SW4STM32/startup_stm32f407xx.o
 .debug_line    0x00000000000000dc      0xc4b Application/User/main.o
 .debug_line    0x0000000000000d27      0x9c8 Application/User/stm32f4xx_hal_msp.o
 .debug_line    0x00000000000016ef      0xa01 Application/User/stm32f4xx_it.o
 .debug_line    0x00000000000020f0      0x993 Drivers/CMSIS/system_stm32f4xx.o
 .debug_line    0x0000000000002a83      0xb12 Drivers/STM32F4xx_HAL_Driver/stm32f4xx_hal.o
 .debug_line    0x0000000000003595      0xb7f Drivers/STM32F4xx_HAL_Driver/stm32f4xx_hal_cortex.o
 .debug_line    0x0000000000004114      0xaf3 Drivers/STM32F4xx_HAL_Driver/stm32f4xx_hal_gpio.o
 .debug_line    0x0000000000004c07     0x1b37 Drivers/STM32F4xx_HAL_Driver/stm32f4xx_hal_i2c.o
 .debug_line    0x000000000000673e      0xc78 Drivers/STM32F4xx_HAL_Driver/stm32f4xx_hal_rcc.o
 .debug_line    0x00000000000073b6     0x126d Drivers/STM32F4xx_HAL_Driver/stm32f4xx_hal_uart.o
 .debug_line    0x0000000000008623      0xb20 Src/ahrs.o
 .debug_line    0x0000000000009143      0xb5d Src/dtw_classifier.o
 .debug_line    0x0000000000009ca0      0xaf2 Src/imu_sensor.o
 .debug_line    0x000000000000a792      0x4a8 TM/tm_stm32_ahrs_imu.o
 .debug_line    0x000000000000ac3a      0xbbe TM/tm_stm32_buffer.o
 .debug_line    0x000000000000b7f8      0xacd TM/tm_stm32_delay.o
 .debug_line    0x000000000000c2c5      0x99f TM/tm_stm32_disco.o
 .debug_line    0x000000000000cc64      0xada TM/tm_stm32_gpio.o
 .debug_line    0x000000000000d73e      0xb75 TM/tm_stm32_i2c.o
 .debug_line    0x000000000000e2b3      0xa7d TM/tm_stm32_mpu6050.o
 .debug_line    0x000000000000ed30      0xd58 TM/tm_stm32_usart.o

.debug_info     0x0000000000000000    0x1caa1
 .debug_info    0x0000000000000000      0x11f Application/SW4STM32/startup_stm32f407xx.o
 .debug_info    0x000000000000011f     0x1ff2 Application/User/main.o
 .debug_info    0x0000000000002111     0x1751 Application/User/stm32f4xx_hal_msp.o
 .debug_info    0x0000000000003862      0xa52 Application/User/stm32f4xx_it.o
 .debug_info    0x00000000000042b4      0xd30 Drivers/CMSIS/system_stm32f4xx.o
 .debug_info    0x0000000000004fe4     0x119e Drivers/STM32F4xx_HAL_Driver/stm32f4xx_hal.o
 .debug_info    0x0000000000006182     0x175a Drivers/STM32F4xx_HAL_Driver/stm32f4xx_hal_cortex.o
 .debug_info    0x00000000000078dc      0xf97 Drivers/STM32F4xx_HAL_Driver/stm32f4xx_hal_gpio.o
 .debug_info    0x0000000000008873     0x36e2 Drivers/STM32F4xx_HAL_Driver/stm32f4xx_hal_i2c.o
 .debug_info    0x000000000000bf55     0x1500 Drivers/STM32F4xx_HAL_Driver/stm32f4xx_hal_rcc.o
 .debug_info    0x000000000000d455     0x1f1d Drivers/STM32F4xx_HAL_Driver/stm32f4xx_hal_uart.o
 .debug_info    0x000000000000f372     0x11c0 Src/ahrs.o
 .debug_info    0x0000000000010532      0xeca Src/dtw_classifier.o
 .debug_info    0x00000000000113fc      0xfe1 Src/imu_sensor.o
 .debug_info    0x00000000000123dd     0x100e TM/tm_stm32_ahrs_imu.o
 .debug_info    0x00000000000133eb     0x1062 TM/tm_stm32_buffer.o
 .debug_info    0x000000000001444d      0xfb7 TM/tm_stm32_delay.o
 .debug_info    0x0000000000015404      0xb52 TM/tm_stm32_disco.o
 .debug_info    0x0000000000015f56     0x11ae TM/tm_stm32_gpio.o
 .debug_info    0x0000000000017104     0x2052 TM/tm_stm32_i2c.o
 .debug_info    0x0000000000019156     0x11cc TM/tm_stm32_mpu6050.o
 .debug_info    0x000000000001a322     0x277f TM/tm_stm32_usart.o

.debug_abbrev   0x0000000000000000     0x3d39
 .debug_abbrev  0x0000000000000000       0x12 Application/SW4STM32/startup_stm32f407xx.o
 .debug_abbrev  0x0000000000000012      0x3a4 Application/User/main.o
 .debug_abbrev  0x00000000000003b6      0x252 Application/User/stm32f4xx_hal_msp.o
 .debug_abbrev  0x0000000000000608      0x20f Application/User/stm32f4xx_it.o
 .debug_abbrev  0x0000000000000817      0x205 Drivers/CMSIS/system_stm32f4xx.o
 .debug_abbrev  0x0000000000000a1c      0x347 Drivers/STM32F4xx_HAL_Driver/stm32f4xx_hal.o
 .debug_abbrev  0x0000000000000d63      0x3d4 Drivers/STM32F4xx_HAL_Driver/stm32f4xx_hal_cortex.o
 .debug_abbrev  0x0000000000001137      0x2a5 Drivers/STM32F4xx_HAL_Driver/stm32f4xx_hal_gpio.o
 .debug_abbrev  0x00000000000013dc      0x2f9 Drivers/STM32F4xx_HAL_Driver/stm32f4xx_hal_i2c.o
 .debug_abbrev  0x00000000000016d5      0x370 Drivers/STM32F4xx_HAL_Driver/stm32f4xx_hal_rcc.o
 .debug_abbrev  0x0000000000001a45      0x342 Drivers/STM32F4xx_HAL_Driver/stm32f4xx_hal_uart.o
 .debug_abbrev  0x0000000000001d87      0x32d Src/ahrs.o
 .debug_abbrev  0x00000000000020b4      0x2cb Src/dtw_classifier.o
 .debug_abbrev  0x000000000000237f      0x2d4 Src/imu_sensor.o
 .debug_abbrev  0x0000000000002653      0x295 TM/tm_stm32_ahrs_imu.o
 .debug_abbrev  0x00000000000028e8      0x2de TM/tm_stm32_buffer.o
 .debug_abbrev  0x0000000000002bc6      0x375 TM/tm_stm32_delay.o
 .debug_abbrev  0x0000000000002f3b      0x22b TM/tm_stm32_disco.o
 .debug_abbrev  0x0000000000003166      0x2b7 TM/tm_stm32_gpio.o
 .debug_abbrev  0x000000000000341d      0x30b TM/tm_stm32_i2c.o
 .debug_abbrev  0x0000000000003728      0x2cb TM/tm_stm32_mpu6050.o
 .debug_abbrev  0x00000000000039f3      0x346 TM/tm_stm32_usart.o

.debug_aranges  0x0000000000000000      0xd10
 .debug_aranges