Archive member included to satisfy reference by file (symbol)

/home/kuba/Programy/Ac6/SystemWorkbench/plugins/fr.ac6.mcu.externaltools.arm-none.linux64_1.15.0.201708311556/tools/compiler/bin/../lib/gcc/arm-none-eabi/6.3.1/../../../../arm-none-eabi/lib/thumb/v7e-m/fpv4-sp/hard/libm.a(lib_a-w_asin.o)
                              TM/tm_stm32_ahrs_imu.o (asin)
/home/kuba/Programy/Ac6/SystemWorkbench/plugins/fr.ac6.mcu.externaltools.arm-none.linux64_1.15.0.201708311556/tools/compiler/bin/../lib/gcc/arm-none-eabi/6.3.1/../../../../arm-none-eabi/lib/thumb/v7e-m/fpv4-sp/hard/libm.a(lib_a-w_atan2.o)
                              TM/tm_stm32_ahrs_imu.o (atan2)
/home/kuba/Programy/Ac6/SystemWorkbench/plugins/fr.ac6.mcu.externaltools.arm-none.linux64_1.15.0.201708311556/tools/compiler/bin/../lib/gcc/arm-none-eabi/6.3.1/../../../../arm-none-eabi/lib/thumb/v7e-m/fpv4-sp/hard/libm.a(lib_a-w_sqrt.o)
                              TM/tm_stm32_ahrs_imu.o (sqrt)
/home/kuba/Programy/Ac6/SystemWorkbench/plugins/fr.ac6.mcu.externaltools.arm-none.linux64_1.15.0.201708311556/tools/compiler/bin/../lib/gcc/arm-none-eabi/6.3.1/../../../../arm-none-eabi/lib/thumb/v7e-m/fpv4-sp/hard/libm.a(lib_a-e_asin.o)
                              /home/kuba/Programy/Ac6/SystemWorkbench/plugins/fr.ac6.mcu.externaltools.arm-none.linux64_1.15.0.201708311556/tools/compiler/bin/../lib/gcc/arm-none-eabi/6.3.1/../../../../arm-none-eabi/lib/thumb/v7e-m/fpv4-sp/hard/libm.a(lib_a-w_asin.o) (__ieee754_asin)
/home/kuba/Programy/Ac6/SystemWorkbench/plugins/fr.ac6.mcu.externaltools.arm-none.linux64_1.15.0.201708311556/tools/compiler/bin/../lib/gcc/arm-none-eabi/6.3.1/../../../../arm-none-eabi/lib/thumb/v7e-m/fpv4-sp/hard/libm.a(lib_a-e_atan2.o)
                              /home/kuba/Programy/Ac6/SystemWorkbench/plugins/fr.ac6.mcu.externaltools.arm-none.linux64_1.15.0.201708311556/tools/compiler/bin/../lib/gcc/arm-none-eabi/6.3.1/../../../../arm-none-eabi/lib/thumb/v7e-m/fpv4-sp/hard/libm.a(lib_a-w_atan2.o) (__ieee754_atan2)
/home/kuba/Programy/Ac6/SystemWorkbench/plugins/fr.ac6.mcu.externaltools.arm-none.linux64_1.15.0.201708311556/tools/compiler/bin/../lib/gcc/arm-none-eabi/6.3.1/../../../../arm-none-eabi/lib/thumb/v7e-m/fpv4-sp/hard/libm.a(lib_a-e_sqrt.o)
                              /home/kuba/Programy/Ac6/SystemWorkbench/plugins/fr.ac6.mcu.externaltools.arm-none.linux64_1.15.0.201708311556/tools/compiler/bin/../lib/gcc/arm-none-eabi/6.3.1/../../../../arm-none-eabi/lib/thumb/v7e-m/fpv4-sp/hard/libm.a(lib_a-w_sqrt.o) (__ieee754_sqrt)
/home/kuba/Programy/Ac6/SystemWorkbench/plugins/fr.ac6.mcu.externaltools.arm-none.linux64_1.15.0.201708311556/tools/compiler/bin/../lib/gcc/arm-none-eabi/6.3.1/../../../../arm-none-eabi/lib/thumb/v7e-m/fpv4-sp/hard/libm.a(lib_a-s_atan.o)
                              /home/kuba/Programy/Ac6/SystemWorkbench/plugins/fr.ac6.mcu.externaltools.arm-none.linux64_1.15.0.201708311556/tools/compiler/bin/../lib/gcc/arm-none-eabi/6.3.1/../../../../arm-none-eabi/lib/thumb/v7e-m/fpv4-sp/hard/libm.a(lib_a-e_atan2.o) (atan)
/home/kuba/Programy/Ac6/SystemWorkbench/plugins/fr.ac6.mcu.externaltools.arm-none.linux64_1.15.0.201708311556/tools/compiler/bin/../lib/gcc/arm-none-eabi/6.3.1/../../../../arm-none-eabi/lib/thumb/v7e-m/fpv4-sp/hard/libm.a(lib_a-s_fabs.o)
                              /home/kuba/Programy/Ac6/SystemWorkbench/plugins/fr.ac6.mcu.externaltools.arm-none.linux64_1.15.0.201708311556/tools/compiler/bin/../lib/gcc/arm-none-eabi/6.3.1/../../../../arm-none-eabi/lib/thumb/v7e-m/fpv4-sp/hard/libm.a(lib_a-w_asin.o) (fabs)
/home/kuba/Programy/Ac6/SystemWorkbench/plugins/fr.ac6.mcu.externaltools.arm-none.linux64_1.15.0.201708311556/tools/compiler/bin/../lib/gcc/arm-none-eabi/6.3.1/../../../../arm-none-eabi/lib/thumb/v7e-m/fpv4-sp/hard/libm.a(lib_a-s_lib_ver.o)
                              /home/kuba/Programy/Ac6/SystemWorkbench/plugins/fr.ac6.mcu.externaltools.arm-none.linux64_1.15.0.201708311556/tools/compiler/bin/../lib/gcc/arm-none-eabi/6.3.1/../../../../arm-none-eabi/lib/thumb/v7e-m/fpv4-sp/hard/libm.a(lib_a-w_asin.o) (__fdlib_version)
/home/kuba/Programy/Ac6/SystemWorkbench/plugins/fr.ac6.mcu.externaltools.arm-none.linux64_1.15.0.201708311556/tools/compiler/bin/../lib/gcc/arm-none-eabi/6.3.1/../../../../arm-none-eabi/lib/thumb/v7e-m/fpv4-sp/hard/libm.a(lib_a-s_matherr.o)
                              /home/kuba/Programy/Ac6/SystemWorkbench/plugins/fr.ac6.mcu.externaltools.arm-none.linux64_1.15.0.201708311556/tools/compiler/bin/../lib/gcc/arm-none-eabi/6.3.1/../../../../arm-none-eabi/lib/thumb/v7e-m/fpv4-sp/hard/libm.a(lib_a-w_asin.o) (matherr)
/home/kuba/Programy/Ac6/SystemWorkbench/plugins/fr.ac6.mcu.externaltools.arm-none.linux64_1.15.0.201708311556/tools/compiler/bin/../lib/gcc/arm-none-eabi/6.3.1/../../../../arm-none-eabi/lib/thumb/v7e-m/fpv4-sp/hard/libm.a(lib_a-s_nan.o)
[...]
Memory Configuration

Name             Origin             Length             Attributes
RAM              0x0000000020000000 0x0000000000020000 xrw
CCMRAM           0x0000000010000000 0x0000000000010000 rw
FLASH            0x0000000008000000 0x0000000000100000 xr
*default*        0x0000000000000000 0xffffffffffffffff

Linker script and memory map

LOAD /home/kuba/Programy/Ac6/SystemWorkbench/plugins/fr.ac6.mcu.externaltools.arm-none.linux64_1.15.0.201708311556/tools/compiler/bin/../lib/gcc/arm-none-eabi/6.3.1/thumb/v7e-m/fpv4-sp/hard/crti.o
LOAD /home/kuba/Programy/Ac6/SystemWorkbench/plugins/fr.ac6.mcu.externaltools.arm-none.linux64_1.15.0.201708311556/tools/compiler/bin/../lib/gcc/arm-none-eabi/6.3.1/thumb/v7e-m/fpv4-sp/hard/crtbegin.o
LOAD /home/kuba/Programy/Ac6/SystemWorkbench/plugins/fr.ac6.mcu.externaltools.arm-none.linux64_1.15.0.201708311556/tools/compiler/bin/../lib/gcc/arm-none-eabi/6.3.1/../../../../arm-none-eabi/lib/thumb/v7e-m/fpv4-sp/hard/crt0.o
LOAD Application/SW4STM32/startup_stm32f407xx.o
LOAD Application/User/main.o
LOAD Application/User/stm32f4xx_hal_msp.o
LOAD Application/User/stm32f4xx_it.o
LOAD Drivers/CMSIS/system_stm32f4xx.o
LOAD Drivers/STM32F4xx_HAL_Driver/stm32f4xx_hal.o
LOAD Drivers/STM32F4xx_HAL_Driver/stm32f4xx_hal_cortex.o
LOAD Drivers/STM32F4xx_HAL_Driver/stm32f4xx_hal_dma.o
LOAD Drivers/STM32F4xx_HAL_Driver/stm32f4xx_hal_dma_ex.o
LOAD Drivers/STM32F4xx_HAL_Driver/stm32f4xx_hal_flash.o
LOAD Drivers/STM32F4xx_HAL_Driver/stm32f4xx_hal_flash_ex.o
LOAD Drivers/STM32F4xx_HAL_Driver/stm32f4xx_hal_flash_ramfunc.o
LOAD Drivers/STM32F4xx_HAL_Driver/stm32f4xx_hal_gpio.o
LOAD Drivers/STM32F4xx_HAL_Driver/stm32f4xx_hal_i2c.o
LOAD Drivers/STM32F4xx_HAL_Driver/stm32f4xx_hal_i2c_ex.o
LOAD Drivers/STM32F4xx_HAL_Driver/stm32f4xx_hal_pwr.o
LOAD Drivers/STM32F4xx_HAL_Driver/stm32f4xx_hal_pwr_ex.o
LOAD Drivers/STM32F4xx_HAL_Driver/stm32f4xx_hal_rcc.o
LOAD Drivers/STM32F4xx_HAL_Driver/stm32f4xx_hal_rcc_ex.o
LOAD Drivers/STM32F4xx_HAL_Driver/stm32f4xx_hal_tim.o
LOAD Drivers/STM32F4xx_HAL_Driver/stm32f4xx_hal_tim_ex.o
LOAD Drivers/STM32F4xx_HAL_Driver/stm32f4xx_hal_uart.o
LOAD TM/tm_stm32_ahrs_imu.o
LOAD TM/tm_stm32_buffer.o
LOAD TM/tm_stm32_delay.o
LOAD TM/tm_stm32_disco.o
LOAD TM/tm_stm32_gpio.o
LOAD TM/tm_stm32_i2c.o
LOAD TM/tm_stm32_mpu6050.o
LOAD TM/tm_stm32_rcc.o
LOAD TM/tm_stm32_usart.o
LOAD /home/kuba/Programy/Ac6/SystemWorkbench/plugins/fr.ac6.mcu.externaltools.arm-none.linux64_1.15.0.201708311556/tools/compiler/bin/../lib/gcc/arm-none-eabi/6.3.1/../../../../arm-none-eabi/lib/thumb/v7e-m/fpv4-sp/hard/libm.a
START GROUP
LOAD /home/kuba/Programy/Ac6/SystemWorkbench/plugins/fr.ac6.mcu.externaltools.arm-none.linux64_1.15.0.201708311556/tools/compiler/bin/../lib/gcc/arm-none-eabi/6.3.1/thumb/v7e-m/fpv4-sp/hard/libgcc.a
LOAD /home/kuba/Programy/Ac6/SystemWorkbench/plugins/fr.ac6.mcu.externaltools.arm-none.linux64_1.15.0.201708311556/tools/compiler/bin/../lib/gcc/arm-none-eabi/6.3.1/../../../../arm-none-eabi/lib/thumb/v7e-m/fpv4-sp/hard/libc_nano.a
END GROUP
START GROUP
LOAD /home/kuba/Programy/Ac6/SystemWorkbench/plugins/fr.ac6.mcu.externaltools.arm-none.linux64_1.15.0.201708311556/tools/compiler/bin/../lib/gcc/arm-none-eabi/6.3.1/thumb/v7e-m/fpv4-sp/hard/libgcc.a
LOAD /home/kuba/Programy/Ac6/SystemWorkbench/plugins/fr.ac6.mcu.externaltools.arm-none.linux64_1.15.0.201708311556/tools/compiler/bin/../lib/gcc/arm-none-eabi/6.3.1/../../../../arm-none-eabi/lib/thumb/v7e-m/fpv4-sp/hard/libc_nano.a
LOAD /home/kuba/Programy/Ac6/SystemWorkbench/plugins/fr.ac6.mcu.externaltools.arm-none.linux64_1.15.0.201708311556/tools/compiler/bin/../lib/gcc/arm-none-eabi/6.3.1/../../../../arm-none-eabi/lib/thumb/v7e-m/fpv4-sp/hard/libnosys.a
END GROUP
START GROUP
LOAD /home/kuba/Programy/Ac6/SystemWorkbench/plugins/fr.ac6.mcu.externaltools.arm-none.linux64_1.15.0.201708311556/tools/compiler/bin/../lib/gcc/arm-none-eabi/6.3.1/thumb/v7e-m/fpv4-sp/hard/libgcc.a
LOAD /home/kuba/Programy/Ac6/SystemWorkbench/plugins/fr.ac6.mcu.externaltools.arm-none.linux64_1.15.0.201708311556/tools/compiler/bin/../lib/gcc/arm-none-eabi/6.3.1/../../../../arm-none-eabi/lib/thumb/v7e-m/fpv4-sp/hard/libc_nano.a
LOAD /home/kuba/Programy/Ac6/SystemWorkbench/plugins/fr.ac6.mcu.externaltools.arm-none.linux64_1.15.0.201708311556/tools/compiler/bin/../lib/gcc/arm-none-eabi/6.3.1/../../../../arm-none-eabi/lib/thumb/v7e-m/fpv4-sp/hard/libnosys.a
END GROUP
LOAD /home/kuba/Programy/Ac6/SystemWorkbench/plugins/fr.ac6.mcu.externaltools.arm-none.linux64_1.15.0.201708311556/tools/compiler/bin/../lib/gcc/arm-none-eabi/6.3.1/thumb/v7e-m/fpv4-sp/hard/crtend.o
LOAD /home/kuba/Programy/Ac6/SystemWorkbench/plugins/fr.ac6.mcu.externaltools.arm-none.linux64_1.15.0.201708311556/tools/compiler/bin/../lib/gcc/arm-none-eabi/6.3.1/thumb/v7e-m/fpv4-sp/hard/crtn.o
                0x0000000020020000                _estack = 0x20020000
                0x0000000000000200                _Min_Heap_Size = 0x200
                0x0000000000000400                _Min_Stack_Size = 0x400

.isr_vector     0x0000000008000000      0x188
                0x0000000008000000                . = ALIGN (0x4)
 *(.isr_vector)
 .isr_vector    0x0000000008000000      0x188 Application/SW4STM32/startup_stm32f407xx.o
                0x0000000008000000                g_pfnVectors
                0x0000000008000188                . = ALIGN (0x4)

.text           0x0000000008000188     0x1594
                0x0000000008000188                . = ALIGN (0x4)
 *(.text)
 .text          0x0000000008000188       0x6c /home/kuba/Programy/Ac6/SystemWorkbench/plugins/fr.ac6.mcu.externaltools.arm-none.linux64_1.15.0.201708311556/tools/compiler/bin/../lib/gcc/arm-none-eabi/6.3.1/thumb/v7e-m/fpv4-sp/hard/crtbegin.o
 *(.text*)
 .text.Reset_Handler
                0x00000000080001f4       0x50 Application/SW4STM32/startup_stm32f407xx.o
                0x00000000080001f4                Reset_Handler
 .text.Default_Handler
                0x0000000008000244        0x2 Application/SW4STM32/startup_stm32f407xx.o
                0x0000000008000244                RTC_Alarm_IRQHandler
                0x0000000008000244                HASH_RNG_IRQHandler
                0x0000000008000244                EXTI2_IRQHandler
                0x0000000008000244                TIM8_CC_IRQHandler
                0x0000000008000244                TIM1_CC_IRQHandler
                0x0000000008000244                DMA2_Stream5_IRQHandler
                0x0000000008000244                DMA1_Stream5_IRQHandler
                0x0000000008000244                PVD_IRQHandler
                0x0000000008000244                SDIO_IRQHandler
                0x0000000008000244                TAMP_STAMP_IRQHandler
                0x0000000008000244                CAN2_RX1_IRQHandler
                0x0000000008000244                EXTI3_IRQHandler
                0x0000000008000244                TIM8_TRG_COM_TIM14_IRQHandler
                0x0000000008000244                TIM1_UP_TIM10_IRQHandler
                0x0000000008000244                TIM8_UP_TIM13_IRQHandler
                0x0000000008000244                I2C3_ER_IRQHandler
                0x0000000008000244                EXTI0_IRQHandler
                0x0000000008000244                I2C2_EV_IRQHandler
                0x0000000008000244                DMA1_Stream2_IRQHandler
                0x0000000008000244                CAN1_RX0_IRQHandler
                0x0000000008000244                FPU_IRQHandler
                0x0000000008000244                OTG_HS_WKUP_IRQHandler
                0x0000000008000244                CAN2_SCE_IRQHandler
                0x0000000008000244                DMA2_Stream2_IRQHandler
                0x0000000008000244                SPI1_IRQHandler
                0x0000000008000244                TIM6_DAC_IRQHandler
                0x0000000008000244                TIM1_BRK_TIM9_IRQHandler
                0x0000000008000244                DCMI_IRQHandler
                0x0000000008000244                CAN2_RX0_IRQHandler
                0x0000000008000244                DMA2_Stream3_IRQHandler
                0x0000000008000244                CAN1_RX1_IRQHandler
                0x0000000008000244                DMA2_Stream0_IRQHandler
                0x0000000008000244                TIM4_IRQHandler
                0x0000000008000244                I2C1_EV_IRQHandler
                0x0000000008000244                DMA1_Stream6_IRQHandler
                0x0000000008000244                DMA1_Stream1_IRQHandler
                0x0000000008000244                TIM3_IRQHandler
                0x0000000008000244                RCC_IRQHandler
                0x0000000008000244                TIM8_BRK_TIM12_IRQHandler
                0x0000000008000244                Default_Handler
                0x0000000008000244                EXTI15_10_IRQHandler
                0x0000000008000244                ADC_IRQHandler
                0x0000000008000244                DMA1_Stream7_IRQHandler
                0x0000000008000244                TIM7_IRQHandler
                0x0000000008000244                CAN2_TX_IRQHandler
                0x0000000008000244                TIM5_IRQHandler
                0x0000000008000244                DMA2_Stream7_IRQHandler
                0x0000000008000244                I2C3_EV_IRQHandler
                0x0000000008000244                RTC_WKUP_IRQHandler
                0x0000000008000244                ETH_WKUP_IRQHandler
                0x0000000008000244                SPI2_IRQHandler
                0x0000000008000244                OTG_HS_EP1_IN_IRQHandler
                0x0000000008000244                DMA1_Stream0_IRQHandler
                0x0000000008000244                CAN1_TX_IRQHandler
                0x0000000008000244                EXTI4_IRQHandler
                0x0000000008000244                FSMC_IRQHandler
                0x0000000008000244                ETH_IRQHandler
                0x0000000008000244                OTG_HS_EP1_OUT_IRQHandler
                0x0000000008000244                WWDG_IRQHandler
                0x0000000008000244                TIM2_IRQHandler
                0x0000000008000244                OTG_FS_WKUP_IRQHandler
                0x0000000008000244                TIM1_TRG_COM_TIM11_IRQHandler
                0x0000000008000244                OTG_HS_IRQHandler
                0x0000000008000244                EXTI1_IRQHandler
                0x0000000008000244                I2C2_ER_IRQHandler
                0x0000000008000244                DMA2_Stream1_IRQHandler
                0x0000000008000244                CAN1_SCE_IRQHandler
                0x0000000008000244                FLASH_IRQHandler
                0x0000000008000244                DMA2_Stream4_IRQHandler
                0x0000000008000244                OTG_FS_IRQHandler
                0x0000000008000244                SPI3_IRQHandler
                0x0000000008000244                DMA1_Stream4_IRQHandler
                0x0000000008000244                I2C1_ER_IRQHandler
                0x0000000008000244                DMA2_Stream6_IRQHandler
                0x0000000008000244                DMA1_Stream3_IRQHandler
 *fill*         0x0000000008000246        0x2 
 .text.MX_GPIO_Init
                0x0000000008000248       0x78 Application/User/main.o
 .text.HAL_GPIO_EXTI_Callback
                0x00000000080002c0        0x2 Application/User/main.o
                0x00000000080002c0                HAL_GPIO_EXTI_Callback
 .text._Error_Handler
                0x00000000080002c2        0x2 Application/User/main.o
                0x00000000080002c2                _Error_Handler
 .text.MX_I2C1_Init
                0x00000000080002c4       0x40 Application/User/main.o
 .text.MX_USART6_UART_Init
                0x0000000008000304       0x3c Application/User/main.o
 .text.SystemClock_Config
                0x0000000008000340       0xc4 Application/User/main.o
                0x0000000008000340                SystemClock_Config
 .text.main     0x0000000008000404       0x18 Application/User/main.o
                0x0000000008000404                main
 .text.HAL_MspInit
                0x000000000800041c       0x5e Application/User/stm32f4xx_hal_msp.o
                0x000000000800041c                HAL_MspInit
 *fill*         0x000000000800047a        0x2 
 .text.HAL_I2C_MspInit
                0x000000000800047c       0x58 Application/User/stm32f4xx_hal_msp.o
                0x000000000800047c                HAL_I2C_MspInit
 .text.HAL_UART_MspInit
                0x00000000080004d4       0x54 Application/User/stm32f4xx_hal_msp.o
                0x00000000080004d4                HAL_UART_MspInit
 .text.NMI_Handler
                0x0000000008000528        0x2 Application/User/stm32f4xx_it.o
                0x0000000008000528                NMI_Handler
 .text.HardFault_Handler
                0x000000000800052a        0x2 Application/User/stm32f4xx_it.o
                0x000000000800052a                HardFault_Handler
 .text.MemManage_Handler
                0x000000000800052c        0x2 Application/User/stm32f4xx_it.o
                0x000000000800052c                MemManage_Handler
 .text.BusFault_Handler
                0x000000000800052e        0x2 Application/User/stm32f4xx_it.o
                0x000000000800052e                BusFault_Handler
 .text.UsageFault_Handler
                0x0000000008000530        0x2 Application/User/stm32f4xx_it.o
                0x0000000008000530                UsageFault_Handler
 .text.SVC_Handler
                0x0000000008000532        0x2 Application/User/stm32f4xx_it.o
                0x0000000008000532                SVC_Handler
 .text.DebugMon_Handler
                0x0000000008000534        0x2 Application/User/stm32f4xx_it.o
                0x0000000008000534                DebugMon_Handler
 .text.PendSV_Handler
                0x0000000008000536        0x2 Application/User/stm32f4xx_it.o
                0x0000000008000536                PendSV_Handler
 .text.SysTick_Handler
                0x0000000008000538        0xc Application/User/stm32f4xx_it.o
                0x0000000008000538                SysTick_Handler
 .text.EXTI9_5_IRQHandler
                0x0000000008000544        0xa Application/User/stm32f4xx_it.o
                0x0000000008000544                EXTI9_5_IRQHandler
 *fill*         0x000000000800054e        0x2 
 .text.SystemInit
                0x0000000008000550       0x4c Drivers/CMSIS/system_stm32f4xx.o
                0x0000000008000550                SystemInit
 .text.HAL_InitTick
                0x000000000800059c       0x2c Drivers/STM32F4xx_HAL_Driver/stm32f4xx_hal.o
                0x000000000800059c                HAL_InitTick
 .text.HAL_Init
                0x00000000080005c8       0x34 Drivers/STM32F4xx_HAL_Driver/stm32f4xx_hal.o
                0x00000000080005c8                HAL_Init
 .text.HAL_NVIC_SetPriorityGrouping
                0x00000000080005fc       0x24 Drivers/STM32F4xx_HAL_Driver/stm32f4xx_hal_cortex.o
                0x00000000080005fc                HAL_NVIC_SetPriorityGrouping
 .text.HAL_NVIC_SetPriority
                0x0000000008000620       0x64 Drivers/STM32F4xx_HAL_Driver/stm32f4xx_hal_cortex.o
                0x0000000008000620                HAL_NVIC_SetPriority
 .text.HAL_NVIC_EnableIRQ
                0x0000000008000684       0x18 Drivers/STM32F4xx_HAL_Driver/stm32f4xx_hal_cortex.o
                0x0000000008000684                HAL_NVIC_EnableIRQ
 .text.HAL_SYSTICK_Config
                0x000000000800069c       0x2c Drivers/STM32F4xx_HAL_Driver/stm32f4xx_hal_cortex.o
                0x000000000800069c                HAL_SYSTICK_Config
 .text.HAL_NVIC_ClearPendingIRQ
                0x00000000080006c8       0x1c Drivers/STM32F4xx_HAL_Driver/stm32f4xx_hal_cortex.o
                0x00000000080006c8                HAL_NVIC_ClearPendingIRQ
 .text.HAL_SYSTICK_CLKSourceConfig
                0x00000000080006e4       0x20 Drivers/STM32F4xx_HAL_Driver/stm32f4xx_hal_cortex.o
                0x00000000080006e4                HAL_SYSTICK_CLKSourceConfig
 .text.HAL_SYSTICK_Callback
                0x0000000008000704        0x2 Drivers/STM32F4xx_HAL_Driver/stm32f4xx_hal_cortex.o
                0x0000000008000704                HAL_SYSTICK_Callback
 .text.HAL_SYSTICK_IRQHandler
                0x0000000008000706        0x8 Drivers/STM32F4xx_HAL_Driver/stm32f4xx_hal_cortex.o
                0x0000000008000706                HAL_SYSTICK_IRQHandler
 *fill*         0x000000000800070e        0x2 
 .text.HAL_GPIO_Init
                0x0000000008000710      0x1cc Drivers/STM32F4xx_HAL_Driver/stm32f4xx_hal_gpio.o
                0x0000000008000710                HAL_GPIO_Init
 .text.HAL_GPIO_EXTI_IRQHandler
                0x00000000080008dc       0x1c Drivers/STM32F4xx_HAL_Driver/stm32f4xx_hal_gpio.o
                0x00000000080008dc                HAL_GPIO_EXTI_IRQHandler
 .text.HAL_I2C_Init
                0x00000000080008f8      0x11c Drivers/STM32F4xx_HAL_Driver/stm32f4xx_hal_i2c.o
                0x00000000080008f8                HAL_I2C_Init
 .text.HAL_RCC_OscConfig
                0x0000000008000a14      0x3b0 Drivers/STM32F4xx_HAL_Driver/stm32f4xx_hal_rcc.o
                0x0000000008000a14                HAL_RCC_OscConfig
 .text.HAL_RCC_GetSysClockFreq
                0x0000000008000dc4       0x94 Drivers/STM32F4xx_HAL_Driver/stm32f4xx_hal_rcc.o
                0x0000000008000dc4                HAL_RCC_GetSysClockFreq
 .text.HAL_RCC_ClockConfig
                0x0000000008000e58      0x19c Drivers/STM32F4xx_HAL_Driver/stm32f4xx_hal_rcc.o
                0x0000000008000e58                HAL_RCC_ClockConfig
 .text.HAL_RCC_GetHCLKFreq
                0x0000000008000ff4        0xc Drivers/STM32F4xx_HAL_Driver/stm32f4xx_hal_rcc.o
                0x0000000008000ff4                HAL_RCC_GetHCLKFreq
 .text.HAL_RCC_GetPCLK1Freq
                0x0000000008001000       0x2c Drivers/STM32F4xx_HAL_Driver/stm32f4xx_hal_rcc.o
                0x0000000008001000                HAL_RCC_GetPCLK1Freq
 .text.HAL_RCC_GetPCLK2Freq
                0x000000000800102c       0x2c Drivers/STM32F4xx_HAL_Driver/stm32f4xx_hal_rcc.o
                0x000000000800102c                HAL_RCC_GetPCLK2Freq
 .text.UART_SetConfig
                0x0000000008001058      0x344 Drivers/STM32F4xx_HAL_Driver/stm32f4xx_hal_uart.o
 .text.HAL_UART_Init
                0x000000000800139c       0x5e Drivers/STM32F4xx_HAL_Driver/stm32f4xx_hal_uart.o
                0x000000000800139c                HAL_UART_Init
 .text.TM_BUFFER_GetFree
                0x00000000080013fa       0x2a TM/tm_stm32_buffer.o
                0x00000000080013fa                TM_BUFFER_GetFree
 .text.TM_BUFFER_Write
                0x0000000008001424       0x7e TM/tm_stm32_buffer.o
                0x0000000008001424                TM_BUFFER_Write
 .text.TM_DELAY_1msHandler
                0x00000000080014a2        0x2 TM/tm_stm32_delay.o
                0x00000000080014a2                TM_DELAY_1msHandler
 .text.HAL_IncTick
                0x00000000080014a4       0x84 TM/tm_stm32_delay.o
                0x00000000080014a4                HAL_IncTick
 .text.HAL_GetTick
                0x0000000008001528        0xc TM/tm_stm32_delay.o
                0x0000000008001528                HAL_GetTick
 .text.TM_USART_INT_ClearAllFlags
                0x0000000008001534       0x4e TM/tm_stm32_usart.o
 .text.TM_USART_INT_InsertToBuffer
                0x0000000008001582       0x18 TM/tm_stm32_usart.o
 *fill*         0x000000000800159a        0x2 
 .text.USART1_IRQHandler
                0x000000000800159c       0x2c TM/tm_stm32_usart.o
                0x000000000800159c                USART1_IRQHandler
 .text.USART2_IRQHandler
                0x00000000080015c8       0x2c TM/tm_stm32_usart.o
                0x00000000080015c8                USART2_IRQHandler
 .text.USART3_IRQHandler
                0x00000000080015f4       0x2c TM/tm_stm32_usart.o
                0x00000000080015f4                USART3_IRQHandler
 .text.UART4_IRQHandler
                0x0000000008001620       0x2c TM/tm_stm32_usart.o
                0x0000000008001620                UART4_IRQHandler
 .text.UART5_IRQHandler
                0x000000000800164c       0x2c TM/tm_stm32_usart.o
                0x000000000800164c                UART5_IRQHandler
 .text.USART6_IRQHandler
                0x0000000008001678       0x2c TM/tm_stm32_usart.o
                0x0000000008001678                USART6_IRQHandler
 .text.__libc_init_array
                0x00000000080016a4       0x48 /home/kuba/Programy/Ac6/SystemWorkbench/plugins/fr.ac6.mcu.externaltools.arm-none.linux64_1.15.0.201708311556/tools/compiler/bin/../lib/gcc/arm-none-eabi/6.3.1/../../../../arm-none-eabi/lib/thumb/v7e-m/fpv4-sp/hard/libc_nano.a(lib_a-init.o)
                0x00000000080016a4                __libc_init_array
 .text.memcpy   0x00000000080016ec       0x16 /home/kuba/Programy/Ac6/SystemWorkbench/plugins/fr.ac6.mcu.externaltools.arm-none.linux64_1.15.0.201708311556/tools/compiler/bin/../lib/gcc/arm-none-eabi/6.3.1/../../../../arm-none-eabi/lib/thumb/v7e-m/fpv4-sp/hard/libc_nano.a(lib_a-memcpy-stub.o)
                0x00000000080016ec                memcpy
 *(.glue_7)
 .glue_7        0x0000000008001702        0x0 linker stubs
 *(.glue_7t)
 .glue_7t       0x0000000008001702        0x0 linker stubs
 *(.eh_frame)
 *fill*         0x0000000008001702        0x2 
 .eh_frame      0x0000000008001704        0x0 /home/kuba/Programy/Ac6/SystemWorkbench/plugins/fr.ac6.mcu.externaltools.arm-none.linux64_1.15.0.201708311556/tools/compiler/bin/../lib/gcc/arm-none-eabi/6.3.1/thumb/v7e-m/fpv4-sp/hard/crtbegin.o
 *(.init)
 .init          0x0000000008001704        0x4 /home/kuba/Programy/Ac6/SystemWorkbench/plugins/fr.ac6.mcu.externaltools.arm-none.linux64_1.15.0.201708311556/tools/compiler/bin/../lib/gcc/arm-none-eabi/6.3.1/thumb/v7e-m/fpv4-sp/hard/crti.o
                0x0000000008001704                _init
 .init          0x0000000008001708        0x8 /home/kuba/Programy/Ac6/SystemWorkbench/plugins/fr.ac6.mcu.externaltools.arm-none.linux64_1.15.0.201708311556/tools/compiler/bin/../lib/gcc/arm-none-eabi/6.3.1/thumb/v7e-m/fpv4-sp/hard/crtn.o
 *(.fini)
 .fini          0x0000000008001710        0x4 /home/kuba/Programy/Ac6/SystemWorkbench/plugins/fr.ac6.mcu.externaltools.arm-none.linux64_1.15.0.201708311556/tools/compiler/bin/../lib/gcc/arm-none-eabi/6.3.1/thumb/v7e-m/fpv4-sp/hard/crti.o
                0x0000000008001710                _fini
 .fini          0x0000000008001714        0x8 /home/kuba/Programy/Ac6/SystemWorkbench/plugins/fr.ac6.mcu.externaltools.arm-none.linux64_1.15.0.201708311556/tools/compiler/bin/../lib/gcc/arm-none-eabi/6.3.1/thumb/v7e-m/fpv4-sp/hard/crtn.o
                0x000000000800171c                . = ALIGN (0x4)
                0x000000000800171c                _etext = .

.vfp11_veneer   0x000000000800171c        0x0
 .vfp11_veneer  0x000000000800171c        0x0 linker stubs

.v4_bx          0x000000000800171c        0x0
 .v4_bx         0x000000000800171c        0x0 linker stubs

.iplt           0x000000000800171c        0x0
 .iplt          0x000000000800171c        0x0 /home/kuba/Programy/Ac6/SystemWorkbench/plugins/fr.ac6.mcu.externaltools.arm-none.linux64_1.15.0.201708311556/tools/compiler/bin/../lib/gcc/arm-none-eabi/6.3.1/thumb/v7e-m/fpv4-sp/hard/crtbegin.o

.rodata         0x000000000800171c       0x84
                0x000000000800171c                . = ALIGN (0x4)
 *(.rodata)
 .rodata        0x000000000800171c       0x18 Drivers/CMSIS/system_stm32f4xx.o
                0x000000000800171c                AHBPrescTable
                0x000000000800172c                APBPrescTable
 *(.rodata*)
 .rodata.str1.4
                0x0000000008001734       0x6c Application/User/main.o
                                         0x6a (size before relaxing)
                0x00000000080017a0                . = ALIGN (0x4)

.rel.dyn        0x00000000080017a0        0x0
 .rel.iplt      0x00000000080017a0        0x0 /home/kuba/Programy/Ac6/SystemWorkbench/plugins/fr.ac6.mcu.externaltools.arm-none.linux64_1.15.0.201708311556/tools/compiler/bin/../lib/gcc/arm-none-eabi/6.3.1/thumb/v7e-m/fpv4-sp/hard/crtbegin.o

.ARM.extab
 *(.ARM.extab* .gnu.linkonce.armextab.*)

.ARM            0x00000000080017a0        0x0
                0x00000000080017a0                __exidx_start = .
 *(.ARM.exidx*)
                0x00000000080017a0                __exidx_end = .

.preinit_array  0x00000000080017a0        0x0
                0x00000000080017a0                PROVIDE (__preinit_array_start, .)
 *(.preinit_array*)
                0x00000000080017a0                PROVIDE (__preinit_array_end, .)

.init_array     0x00000000080017a0        0x4
                0x00000000080017a0                PROVIDE (__init_array_start, .)
 *(SORT(.init_array.*))
 *(.init_array*)
 .init_array    0x00000000080017a0        0x4 /home/kuba/Programy/Ac6/SystemWorkbench/plugins/fr.ac6.mcu.externaltools.arm-none.linux64_1.15.0.201708311556/tools/compiler/bin/../lib/gcc/arm-none-eabi/6.3.1/thumb/v7e-m/fpv4-sp/hard/crtbegin.o
                0x00000000080017a4                PROVIDE (__init_array_end, .)

.fini_array     0x00000000080017a4        0x4
                [!provide]                        PROVIDE (__fini_array_start, .)
 *(SORT(.fini_array.*))
 *(.fini_array*)
 .fini_array    0x00000000080017a4        0x4 /home/kuba/Programy/Ac6/SystemWorkbench/plugins/fr.ac6.mcu.externaltools.arm-none.linux64_1.15.0.201708311556/tools/compiler/bin/../lib/gcc/arm-none-eabi/6.3.1/thumb/v7e-m/fpv4-sp/hard/crtbegin.o
                [!provide]                        PROVIDE (__fini_array_end, .)
                0x00000000080017a8                _sidata = LOADADDR (.data)

.data           0x0000000020000000       0x94 load address 0x00000000080017a8
                0x0000000020000000                . = ALIGN (0x4)
                0x0000000020000000                _sdata = .
 *(.data)
 .data          0x0000000020000000        0x4 Drivers/CMSIS/system_stm32f4xx.o
                0x0000000020000000                SystemCoreClock
 .data          0x0000000020000004       0x90 TM/tm_stm32_usart.o
                0x0000000020000004                TM_USART1
                0x000000002000001c                TM_USART2
                0x0000000020000034                TM_USART3
                0x000000002000004c                TM_UART4
                0x0000000020000064                TM_UART5
                0x000000002000007c                TM_USART6
 *(.data*)
                0x0000000020000094                . = ALIGN (0x4)
                0x0000000020000094                _edata = .
                0x000000000800183c                _siccmram = LOADADDR (.ccmram)

.jcr            0x0000000020000094        0x0 load address 0x000000000800183c
 .jcr           0x0000000020000094        0x0 /home/kuba/Programy/Ac6/SystemWorkbench/plugins/fr.ac6.mcu.externaltools.arm-none.linux64_1.15.0.201708311556/tools/compiler/bin/../lib/gcc/arm-none-eabi/6.3.1/thumb/v7e-m/fpv4-sp/hard/crtbegin.o

.igot.plt       0x0000000020000094        0x0 load address 0x000000000800183c
 .igot.plt      0x0000000020000094        0x0 /home/kuba/Programy/Ac6/SystemWorkbench/plugins/fr.ac6.mcu.externaltools.arm-none.linux64_1.15.0.201708311556/tools/compiler/bin/../lib/gcc/arm-none-eabi/6.3.1/thumb/v7e-m/fpv4-sp/hard/crtbegin.o

.ccmram         0x0000000010000000        0x0 load address 0x000000000800183c
                0x0000000010000000                . = ALIGN (0x4)
                0x0000000010000000                _sccmram = .
 *(.ccmram)
 *(.ccmram*)
                0x0000000010000000                . = ALIGN (0x4)
                0x0000000010000000                _eccmram = .
                0x0000000010000000                . = ALIGN (0x4)

.bss            0x0000000020000094      0x190
                0x0000000020000094                _sbss = .
                0x0000000020000094                __bss_start__ = _sbss
 *(.bss)
 .bss           0x0000000020000094       0x1c /home/kuba/Programy/Ac6/SystemWorkbench/plugins/fr.ac6.mcu.externaltools.arm-none.linux64_1.15.0.201708311556/tools/compiler/bin/../lib/gcc/arm-none-eabi/6.3.1/thumb/v7e-m/fpv4-sp/hard/crtbegin.o
 .bss           0x00000000200000b0       0x20 TM/tm_stm32_delay.o
                0x00000000200000c8                TM_Time
                0x00000000200000cc                TM_Time2
 *(.bss*)
 *(COMMON)
 COMMON         0x00000000200000d0       0x94 Application/User/main.o
                0x00000000200000d0                hi2c1
                0x0000000020000124                huart6
 COMMON         0x0000000020000164       0xc0 TM/tm_stm32_usart.o
                0x0000000020000164                UART5_Buffer
                0x0000000020000184                USART6_Buffer
                0x00000000200001a4                USART2_Buffer
                0x00000000200001c4                USART1_Buffer
                0x00000000200001e4                USART3_Buffer
                0x0000000020000204                UART4_Buffer
                0x0000000020000224                . = ALIGN (0x4)
                0x0000000020000224                _ebss = .
                0x0000000020000224                __bss_end__ = _ebss

._user_heap_stack
                0x0000000020000224      0x604
                0x0000000020000228                . = ALIGN (0x8)
 *fill*         0x0000000020000224        0x4 
                0x0000000020000228                PROVIDE (end, .)
                [!provide]                        PROVIDE (_end, .)
                0x0000000020000428                . = (. + _Min_Heap_Size)
 *fill*         0x0000000020000228      0x200 
                0x0000000020000828                . = (. + _Min_Stack_Size)
 *fill*         0x0000000020000428      0x400 
                0x0000000020000828                . = ALIGN (0x8)

/DISCARD/
 libc.a(*)
 libm.a(*)
 libgcc.a(*)

.ARM.attributes
                0x0000000000000000       0x30
 *(.ARM.attributes)
 .ARM.attributes
                0x0000000000000000       0x22 /home/kuba/Programy/Ac6/SystemWorkbench/plugins/fr.ac6.mcu.externaltools.arm-none.linux64_1.15.0.201708311556/tools/compiler/bin/../lib/gcc/arm-none-eabi/6.3.1/thumb/v7e-m/fpv4-sp/hard/crti.o
 .ARM.attributes
                0x0000000000000022       0x34 /home/kuba/Programy/Ac6/SystemWorkbench/plugins/fr.ac6.mcu.externaltools.arm-none.linux64_1.15.0.201708311556/tools/compiler/bin/../lib/gcc/arm-none-eabi/6.3.1/thumb/v7e-m/fpv4-sp/hard/crtbegin.o
 .ARM.attributes
                0x0000000000000056       0x21 Application/SW4STM32/startup_stm32f407xx.o
 .ARM.attributes
                0x0000000000000077       0x39 Application/User/main.o
 .ARM.attributes
                0x00000000000000b0       0x39 Application/User/stm32f4xx_hal_msp.o
 .ARM.attributes
                0x00000000000000e9       0x39 Application/User/stm32f4xx_it.o
 .ARM.attributes
                0x0000000000000122       0x39 Drivers/CMSIS/system_stm32f4xx.o
 .ARM.attributes
                0x000000000000015b       0x39 Drivers/STM32F4xx_HAL_Driver/stm32f4xx_hal.o
 .ARM.attributes
                0x0000000000000194       0x39 Drivers/STM32F4xx_HAL_Driver/stm32f4xx_hal_cortex.o
 .ARM.attributes
                0x00000000000001cd       0x39 Drivers/STM32F4xx_HAL_Driver/stm32f4xx_hal_gpio.o
 .ARM.attributes
                0x0000000000000206       0x39 Drivers/STM32F4xx_HAL_Driver/stm32f4xx_hal_i2c.o
 .ARM.attributes
                0x000000000000023f       0x39 Drivers/STM32F4xx_HAL_Driver/stm32f4xx_hal_rcc.o
 .ARM.attributes
                0x0000000000000278       0x39 Drivers/STM32F4xx_HAL_Driver/stm32f4xx_hal_uart.o
 .ARM.attributes
                0x00000000000002b1       0x39 TM/tm_stm32_buffer.o
 .ARM.attributes
                0x00000000000002ea       0x39 TM/tm_stm32_delay.o
 .ARM.attributes
                0x0000000000000323       0x39 TM/tm_stm32_usart.o
 .ARM.attributes
                0x000000000000035c       0x34 /home/kuba/Programy/Ac6/SystemWorkbench/plugins/fr.ac6.mcu.externaltools.arm-none.linux64_1.15.0.201708311556/tools/compiler/bin/../lib/gcc/arm-none-eabi/6.3.1/../../../../arm-none-eabi/lib/thumb/v7e-m/fpv4-sp/hard/libc_nano.a(lib_a-init.o)
 .ARM.attributes
                0x0000000000000390       0x34 /home/kuba/Programy/Ac6/SystemWorkbench/plugins/fr.ac6.mcu.externaltools.arm-none.linux64_1.15.0.201708311556/tools/compiler/bin/../lib/gcc/arm-none-eabi/6.3.1/../../../../arm-none-eabi/lib/thumb/v7e-m/fpv4-sp/hard/libc_nano.a(lib_a-memcpy-stub.o)
 .ARM.attributes
                0x00000000000003c4       0x22 /home/kuba/Programy/Ac6/SystemWorkbench/plugins/fr.ac6.mcu.externaltools.arm-none.linux64_1.15.0.201708311556/tools/compiler/bin/../lib/gcc/arm-none-eabi/6.3.1/thumb/v7e-m/fpv4-sp/hard/crtn.o
OUTPUT(firmware-stm32.elf elf32-littlearm)

.debug_line     0x0000000000000000     0xa871
 .debug_line    0x0000000000000000       0xdc Application/SW4STM32/startup_stm32f407xx.o
 .debug_line    0x00000000000000dc      0xab6 Application/User/main.o
 .debug_line    0x0000000000000b92      0x9c8 Application/User/stm32f4xx_hal_msp.o
 .debug_line    0x000000000000155a      0xa01 Application/User/stm32f4xx_it.o
 .debug_line    0x0000000000001f5b      0x993 Drivers/CMSIS/system_stm32f4xx.o
 .debug_line    0x00000000000028ee      0xb12 Drivers/STM32F4xx_HAL_Driver/stm32f4xx_hal.o
 .debug_line    0x0000000000003400      0xb7f Drivers/STM32F4xx_HAL_Driver/stm32f4xx_hal_cortex.o
 .debug_line    0x0000000000003f7f      0xaf3 Drivers/STM32F4xx_HAL_Driver/stm32f4xx_hal_gpio.o
 .debug_line    0x0000000000004a72     0x1b37 Drivers/STM32F4xx_HAL_Driver/stm32f4xx_hal_i2c.o
 .debug_line    0x00000000000065a9      0xc78 Drivers/STM32F4xx_HAL_Driver/stm32f4xx_hal_rcc.o
 .debug_line    0x0000000000007221     0x126d Drivers/STM32F4xx_HAL_Driver/stm32f4xx_hal_uart.o
 .debug_line    0x000000000000848e      0xbbe TM/tm_stm32_buffer.o
 .debug_line    0x000000000000904c      0xacd TM/tm_stm32_delay.o
 .debug_line    0x0000000000009b19      0xd58 TM/tm_stm32_usart.o

.debug_info     0x0000000000000000    0x134f8
 .debug_info    0x0000000000000000      0x11f Application/SW4STM32/startup_stm32f407xx.o
 .debug_info    0x000000000000011f     0x19e0 Application/User/main.o
 .debug_info    0x0000000000001aff     0x1751 Application/User/stm32f4xx_hal_msp.o
 .debug_info    0x0000000000003250      0xa52 Application/User/stm32f4xx_it.o
 .debug_info    0x0000000000003ca2      0xd30 Drivers/CMSIS/system_stm32f4xx.o
 .debug_info    0x00000000000049d2     0x119e Drivers/STM32F4xx_HAL_Driver/stm32f4xx_hal.o
 .debug_info    0x0000000000005b70     0x175a Drivers/STM32F4xx_HAL_Driver/stm32f4xx_hal_cortex.o
 .debug_info    0x00000000000072ca      0xf97 Drivers/STM32F4xx_HAL_Driver/stm32f4xx_hal_gpio.o
 .debug_info    0x0000000000008261     0x36e2 Drivers/STM32F4xx_HAL_Driver/stm32f4xx_hal_i2c.o
 .debug_info    0x000000000000b943     0x1500 Drivers/STM32F4xx_HAL_Driver/stm32f4xx_hal_rcc.o
 .debug_info    0x000000000000ce43     0x1f1d Drivers/STM32F4xx_HAL_Driver/stm32f4xx_hal_uart.o
 .debug_info    0x000000000000ed60     0x1062 TM/tm_stm32_buffer.o
 .debug_info    0x000000000000fdc2      0xfb7 TM/tm_stm32_delay.o
 .debug_info    0x0000000000010d79     0x277f TM/tm_stm32_usart.o

.debug_abbrev   0x0000000000000000     0x2647
 .debug_abbrev  0x0000000000000000       0x12 Application/SW4STM32/startup_stm32f407xx.o
 .debug_abbrev  0x0000000000000012      0x2cb Application/User/main.o
 .debug_abbrev  0x00000000000002dd      0x252 Application/User/stm32f4xx_hal_msp.o
 .debug_abbrev  0x000000000000052f      0x20f Application/User/stm32f4xx_it.o
 .debug_abbrev  0x000000000000073e      0x205 Drivers/CMSIS/system_stm32f4xx.o
 .debug_abbrev  0x0000000000000943      0x347 Drivers/STM32F4xx_HAL_Driver/stm32f4xx_hal.o
 .debug_abbrev  0x0000000000000c8a      0x3d4 Drivers/STM32F4xx_HAL_Driver/stm32f4xx_hal_cortex.o
 .debug_abbrev  0x000000000000105e      0x2a5 Drivers/STM32F4xx_HAL_Driver/stm32f4xx_hal_gpio.o
 .debug_abbrev  0x0000000000001303      0x2f9 Drivers/STM32F4xx_HAL_Driver/stm32f4xx_hal_i2c.o
 .debug_abbrev  0x00000000000015fc      0x370 Drivers/STM32F4xx_HAL_Driver/stm32f4xx_hal_rcc.o
 .debug_abbrev  0x000000000000196c      0x342 Drivers/STM32F4xx_HAL_Driver/stm32f4xx_hal_uart.o
 .debug_abbrev  0x0000000000001cae      0x2de TM/tm_stm32_buffer.o
 .debug_abbrev  0x0000000000001f8c      0x375 TM/tm_stm32_delay.o
 .debug_abbrev  0x0000000000002301      0x346 TM/tm_stm32_usart.o

.debug_aranges  0x0000000000000000      0xa18
 .debug_aranges
                0x0000000000000000       0x28 Application/SW4STM32/startup_stm32f407xx.o
 .debug_aranges
                0x0000000000000028       0x50 Application/User/main.o
 .debug_aranges
                0x0000000000000078       0x40 Application/User/stm32f4xx_hal_msp.o
 .debug_aranges
                0x00000000000000b8       0x68 Application/User/stm32f4xx_it.o
 .debug_aranges
                0x0000000000000120       0x28 Drivers/CMSIS/system_stm32f4xx.o
 .debug_aranges
                0x0000000000000148       0xc8 Drivers/STM32F4xx_HAL_Driver/stm32f4xx_hal.o
 .debug_aranges
                0x0000000000000210       0xa8 Drivers/STM32F4xx_HAL_Driver/stm32f4xx_hal_cortex.o
 .debug_aranges
                0x00000000000002b8       0x58 Drivers/STM32F4xx_HAL_Driver/stm32f4xx_hal_gpio.o
 .debug_aranges
                0x0000000000000310      0x268 Drivers/STM32F4xx_HAL_Driver/stm32f4xx_hal_i2c.o
 .debug_aranges
                0x0000000000000578       0x88 Drivers/STM32F4xx_HAL_Driver/stm32f4xx_hal_rcc.o
 .debug_aranges
                0x0000000000000600      0x1d0 Drivers/STM32F4xx_HAL_Driver/stm32f4xx_hal_uart.o
 .debug_aranges
                0x00000000000007d0       0x80 TM/tm_stm32_buffer.o
 .debug_aranges
                0x0000000000000850       0x78 TM/tm_stm32_delay.o
 .debug_aranges
                0x00000000000008c8      0x150 TM/tm_stm32_usart.o

.debug_ranges   0x0000000000000000      0x9a0
 .debug_ranges  0x0000000000000000       0x20 Application/SW4STM32/startup_stm32f407xx.o
 .debug_ranges  0x0000000000000020       0x40 Application/User/main.o
 .debug_ranges  0x0000000000000060       0x30 Application/User/stm32f4xx_hal_msp.o
 .debug_ranges  0x0000000000000090       0x58 Application/User/stm32f4xx_it.o
 .debug_ranges  0x00000000000000e8       0x18 Drivers/CMSIS/system_stm32f4xx.o
 .debug_ranges  0x0000000000000100       0xb8 Drivers/STM32F4xx_HAL_Driver/stm32f4xx_hal.o
 .debug_ranges  0x00000000000001b8       0xf8 Drivers/STM32F4xx_HAL_Driver/stm32f4xx_hal_cortex.o
 .debug_ranges  0x00000000000002b0       0x48 Drivers/STM32F4xx_HAL_Driver/stm32f4xx_hal_gpio.o
 .debug_ranges  0x00000000000002f8      0x258 Drivers/STM32F4xx_HAL_Driver/stm32f4xx_hal_i2c.o
 .debug_ranges  0x0000000000000550       0x78 Drivers/STM32F4xx_HAL_Driver/stm32f4xx_hal_rcc.o
 .debug_ranges  0x00000000000005c8      0x1c0 Drivers/STM32F4xx_HAL_Driver/stm32f4xx_hal_uart.o
 .debug_ranges  0x0000000000000788       0x70 TM/tm_stm32_buffer.o
 .debug_ranges  0x00000000000007f8       0x68 TM/tm_stm32_delay.o
 .debug_ranges  0x0000000000000860      0x140 TM/tm_stm32_usart.o

.debug_macro    0x0000000000000000    0x2148f
 .debug_macro   0x0000000000000000      0x362 Application/User/main.o
 .debug_macro   0x0000000000000362      0x8c2 Application/User/main.o
 .debug_macro   0x0000000000000c24       0x33 Application/User/main.o
 .debug_macro   0x0000000000000c57       0x28 Application/User/main.o
 .debug_macro   0x0000000000000c7f       0x22 Application/User/main.o
 .debug_macro   0x0000000000000ca1       0x87 Application/User/main.o
 .debug_macro   0x0000000000000d28       0x51 Application/User/main.o
 .debug_macro   0x0000000000000d79       0xef Application/User/main.o
 .debug_macro   0x0000000000000e68       0x6a Application/User/main.o
 .debug_macro   0x0000000000000ed2      0x1df Application/User/main.o
 .debug_macro   0x00000000000010b1       0x35 Application/User/main.o
 .debug_macro   0x00000000000010e6       0x50 Application/User/main.o
 .debug_macro   0x0000000000001136      0xe66 Application/User/main.o
 .debug_macro   0x0000000000001f9c    0x15e04 Application/User/main.o
 .debug_macro   0x0000000000017da0       0x43 Application/User/main.o
 .debug_macro   0x0000000000017de3       0x22 Application/User/main.o
 .debug_macro   0x0000000000017e05      0x180 Application/User/main.o
 .debug_macro   0x0000000000017f85     0x3574 Application/User/main.o
 .debug_macro   0x000000000001b4f9       0x58 Application/User/main.o
 .debug_macro   0x000000000001b551       0x35 Application/User/main.o
 .debug_macro   0x000000000001b586       0x9c Application/User/main.o
 .debug_macro   0x000000000001b622       0x16 Application/User/main.o
 .debug_macro   0x000000000001b638       0x97 Application/User/main.o
 .debug_macro   0x000000000001b6cf      0x330 Application/User/main.o
 .debug_macro   0x000000000001b9ff       0xfd Application/User/main.o
 .debug_macro   0x000000000001bafc       0x10 Application/User/main.o
 .debug_macro   0x000000000001bb0c       0x58 Application/User/main.o
 .debug_macro   0x000000000001bb64       0x1f Application/User/main.o
 .debug_macro   0x000000000001bb83       0x43 Application/User/main.o
 .debug_macro   0x000000000001bbc6       0x20 Application/User/main.o
 .debug_macro   0x000000000001bbe6      0x187 Application/User/main.o
 .debug_macro   0x000000000001bd6d       0x10 Application/User/main.o
 .debug_macro   0x000000000001bd7d       0x1c Application/User/main.o
 .debug_macro   0x000000000001bd99       0x52 Application/User/main.o
 .debug_macro   0x000000000001bdeb       0x40 Application/User/main.o
 .debug_macro   0x000000000001be2b       0x10 Application/User/main.o
 .debug_macro   0x000000000001be3b       0x40 Application/User/main.o
 .debug_macro   0x000000000001be7b       0xd7 Application/User/main.o
 .debug_macro   0x000000000001bf52       0x16 Application/User/main.o
 .debug_macro   0x000000000001bf68      0x18b Application/User/main.o
 .debug_macro   0x000000000001c0f3       0x50 Application/User/main.o
 .debug_macro   0x000000000001c143      0x96b Application/User/main.o
 .debug_macro   0x000000000001caae      0x9e1 Application/User/main.o
 .debug_macro   0x000000000001d48f      0x11e Application/User/main.o
 .debug_macro   0x000000000001d5ad      0x13e Application/User/main.o
 .debug_macro   0x000000000001d6eb       0x27 Application/User/main.o
 .debug_macro   0x000000000001d712      0x287 Application/User/main.o
 .debug_macro   0x000000000001d999       0x5f Application/User/main.o
 .debug_macro   0x000000000001d9f8      0x23a Application/User/main.o
 .debug_macro   0x000000000001dc32      0x133 Application/User/main.o
 .debug_macro   0x000000000001dd65      0x21e Application/User/main.o
 .debug_macro   0x000000000001df83       0x2e Application/User/main.o
 .debug_macro   0x000000000001dfb1      0x1a7 Application/User/main.o
 .debug_macro   0x000000000001e158       0xa5 Application/User/main.o
 .debug_macro   0x000000000001e1fd      0x11e Application/User/main.o
 .debug_macro   0x000000000001e31b       0x7f Application/User/main.o
 .debug_macro   0x000000000001e39a       0x89 Application/User/main.o
 .debug_macro   0x000000000001e423      0x287 Application/User/main.o
 .debug_macro   0x000000000001e6aa      0x125 Application/User/main.o
 .debug_macro   0x000000000001e7cf       0x22 Application/User/main.o
 .debug_macro   0x000000000001e7f1       0xb3 Application/User/main.o
 .debug_macro   0x000000000001e8a4       0x1c Application/User/main.o
 .debug_macro   0x000000000001e8c0      0x31a Application/User/stm32f4xx_hal_msp.o
 .debug_macro   0x000000000001ebda      0x324 Application/User/stm32f4xx_it.o
 .debug_macro   0x000000000001eefe      0x320 Drivers/CMSIS/system_stm32f4xx.o
 .debug_macro   0x000000000001f21e      0x37a Drivers/STM32F4xx_HAL_Driver/stm32f4xx_hal.o
 .debug_macro   0x000000000001f598      0x31a Drivers/STM32F4xx_HAL_Driver/stm32f4xx_hal_cortex.o
 .debug_macro   0x000000000001f8b2      0x352 Drivers/STM32F4xx_HAL_Driver/stm32f4xx_hal_gpio.o
 .debug_macro   0x000000000001fc04      0x35a Drivers/STM32F4xx_HAL_Driver/stm32f4xx_hal_i2c.o
 .debug_macro   0x000000000001ff5e      0x344 Drivers/STM32F4xx_HAL_Driver/stm32f4xx_hal_rcc.o
 .debug_macro   0x00000000000202a2      0x31b Drivers/STM32F4xx_HAL_Driver/stm32f4xx_hal_uart.o
 .debug_macro   0x00000000000205bd      0x3b8 TM/tm_stm32_buffer.o
 .debug_macro   0x0000000000020975       0x28 TM/tm_stm32_buffer.o
 .debug_macro   0x000000000002099d       0x16 TM/tm_stm32_buffer.o
 .debug_macro   0x00000000000209b3       0x35 TM/tm_stm32_buffer.o
 .debug_macro   0x00000000000209e8       0x16 TM/tm_stm32_buffer.o
 .debug_macro   0x00000000000209fe       0x29 TM/tm_stm32_buffer.o
 .debug_macro   0x0000000000020a27       0x16 TM/tm_stm32_buffer.o
 .debug_macro   0x0000000000020a3d       0x2a TM/tm_stm32_buffer.o
 .debug_macro   0x0000000000020a67      0x397 TM/tm_stm32_delay.o
 .debug_macro   0x0000000000020dfe       0x32 TM/tm_stm32_delay.o
 .debug_macro   0x0000000000020e30      0x416 TM/tm_stm32_usart.o
 .debug_macro   0x0000000000021246      0x249 TM/tm_stm32_usart.o

.debug_str      0x0000000000000000    0xc0477
 .debug_str     0x0000000000000000    0xbc81e Application/User/main.o
                                      0xbcc00 (size before relaxing)
 .debug_str     0x00000000000bc81e      0x101 Application/User/stm32f4xx_hal_msp.o
                                      0xbc45e (size before relaxing)
 .debug_str     0x00000000000bc91f      0x163 Application/User/stm32f4xx_it.o
                                      0xbb7e7 (size before relaxing)
 .debug_str     0x00000000000bca82      0x11b Drivers/CMSIS/system_stm32f4xx.o
                                      0xbb887 (size before relaxing)
 .debug_str     0x00000000000bcb9d      0x5a7 Drivers/STM32F4xx_HAL_Driver/stm32f4xx_hal.o
                                      0xbc377 (size before relaxing)
 .debug_str     0x00000000000bd144      0x38c Drivers/STM32F4xx_HAL_Driver/stm32f4xx_hal_cortex.o
                                      0xbc13d (size before relaxing)
 .debug_str     0x00000000000bd4d0      0x22d Drivers/STM32F4xx_HAL_Driver/stm32f4xx_hal_gpio.o
                                      0xbbacb (size before relaxing)
 .debug_str     0x00000000000bd6fd      0xad2 Drivers/STM32F4xx_HAL_Driver/stm32f4xx_hal_i2c.o
                                      0xbc6d1 (size before relaxing)
 .debug_str     0x00000000000be1cf      0x257 Drivers/STM32F4xx_HAL_Driver/stm32f4xx_hal_rcc.o
                                      0xbbc9c (size before relaxing)
 .debug_str     0x00000000000be426      0x564 Drivers/STM32F4xx_HAL_Driver/stm32f4xx_hal_uart.o
                                      0xbc110 (size before relaxing)
 .debug_str     0x00000000000be98a      0x35a TM/tm_stm32_buffer.o
                                      0xbbfe0 (size before relaxing)
 .debug_str     0x00000000000bece4      0x2f9 TM/tm_stm32_delay.o
                                      0xbc14d (size before relaxing)
 .debug_str     0x00000000000befdd     0x149a TM/tm_stm32_usart.o
                                      0xbde54 (size before relaxing)

.comment        0x0000000000000000       0x7f
 .comment       0x0000000000000000       0x7f Application/User/main.o
                                         0x80 (size before relaxing)
 .comment       0x000000000000007f       0x80 Application/User/stm32f4xx_hal_msp.o
 .comment       0x000000000000007f       0x80 Application/User/stm32f4xx_it.o
 .comment       0x000000000000007f       0x80 Drivers/CMSIS/system_stm32f4xx.o
 .comment       0x000000000000007f       0x80 Drivers/STM32F4xx_HAL_Driver/stm32f4xx_hal.o
 .comment       0x000000000000007f       0x80 Drivers/STM32F4xx_HAL_Driver/stm32f4xx_hal_cortex.o
 .comment       0x000000000000007f       0x80 Drivers/STM32F4xx_HAL_Driver/stm32f4xx_hal_gpio.o
 .comment       0x000000000000007f       0x80 Drivers/STM32F4xx_HAL_Driver/stm32f4xx_hal_i2c.o
 .comment       0x000000000000007f       0x80 Drivers/STM32F4xx_HAL_Driver/stm32f4xx_hal_rcc.o
 .comment       0x000000000000007f       0x80 Drivers/STM32F4xx_HAL_Driver/stm32f4xx_hal_uart.o
 .comment       0x000000000000007f       0x80 TM/tm_stm32_buffer.o
 .comment       0x000000000000007f       0x80 TM/tm_stm32_delay.o
 .comment       0x000000000000007f       0x80 TM/tm_stm32_usart.o

.debug_frame    0x0000000000000000     0x1b50
 .debug_frame   0x0000000000000000       0xb8 Application/User/main.o
 .debug_frame   0x00000000000000b8       0x90 Application/User/stm32f4xx_hal_msp.o
 .debug_frame   0x0000000000000148       0xc0 Application/User/stm32f4xx_it.o
 .debug_frame   0x0000000000000208       0x30 Drivers/CMSIS/system_stm32f4xx.o
 .debug_frame   0x0000000000000238      0x198 Drivers/STM32F4xx_HAL_Driver/stm32f4xx_hal.o
 .debug_frame   0x00000000000003d0      0x15c Drivers/STM32F4xx_HAL_Driver/stm32f4xx_hal_cortex.o
 .debug_frame   0x000000000000052c       0xd0 Drivers/STM32F4xx_HAL_Driver/stm32f4xx_hal_gpio.o
 .debug_frame   0x00000000000005fc      0x848 Drivers/STM32F4xx_HAL_Driver/stm32f4xx_hal_i2c.o
 .debug_frame   0x0000000000000e44      0x13c Drivers/STM32F4xx_HAL_Driver/stm32f4xx_hal_rcc.o
 .debug_frame   0x0000000000000f80      0x4e8 Drivers/STM32F4xx_HAL_Driver/stm32f4xx_hal_uart.o
 .debug_frame   0x0000000000001468      0x1b8 TM/tm_stm32_buffer.o
 .debug_frame   0x0000000000001620      0x104 TM/tm_stm32_delay.o
 .debug_frame   0x0000000000001724      0x3d8 TM/tm_stm32_usart.o
 .debug_frame   0x0000000000001afc       0x2c /home/kuba/Programy/Ac6/SystemWorkbench/plugins/fr.ac6.mcu.externaltools.arm-none.linux64_1.15.0.201708311556/tools/compiler/bin/../lib/gcc/arm-none-eabi/6.3.1/../../../../arm-none-eabi/lib/thumb/v7e-m/fpv4-sp/hard/libc_nano.a(lib_a-init.o)
 .debug_frame   0x0000000000001b28       0x28 /home/kuba/Programy/Ac6/SystemWorkbench/plugins/fr.ac6.mcu.externaltools.arm-none.linux64_1.15.0.201708311556/tools/compiler/bin/../lib/gcc/arm-none-eabi/6.3.1/../../../../arm-none-eabi/lib/thumb/v7e-m/fpv4-sp/hard/libc_nano.a(lib_a-memcpy-stub.o)

.debug_loc      0x0000000000000000     0x6e98
 .debug_loc     0x0000000000000000       0xb6 Application/User/stm32f4xx_hal_msp.o
 .debug_loc     0x00000000000000b6      0x13e Drivers/CMSIS/system_stm32f4xx.o
 .debug_loc     0x00000000000001f4       0x91 Drivers/STM32F4xx_HAL_Driver/stm32f4xx_hal.o
 .debug_loc     0x0000000000000285      0x5ce Drivers/STM32F4xx_HAL_Driver/stm32f4xx_hal_cortex.o
 .debug_loc     0x0000000000000853      0x3fd Drivers/STM32F4xx_HAL_Driver/stm32f4xx_hal_gpio.o
 .debug_loc     0x0000000000000c50     0x31a5 Drivers/STM32F4xx_HAL_Driver/stm32f4xx_hal_i2c.o
 .debug_loc     0x0000000000003df5      0x53b Drivers/STM32F4xx_HAL_Driver/stm32f4xx_hal_rcc.o
 .debug_loc     0x0000000000004330     0x1532 Drivers/STM32F4xx_HAL_Driver/stm32f4xx_hal_uart.o
 .debug_loc     0x0000000000005862      0xbac TM/tm_stm32_buffer.o
 .debug_loc     0x000000000000640e      0x1fe TM/tm_stm32_delay.o
 .debug_loc     0x000000000000660c      0x88c TM/tm_stm32_usart.o
